Component: ARM Compiler 5.06 update 7 (build 960) Tool: armlink [4d3601]

==============================================================================

Section Cross References

    startup_stm32f411xe.o(STACK) refers (Special) to heapauxi.o(.text) for __use_two_region_memory
    startup_stm32f411xe.o(HEAP) refers (Special) to heapauxi.o(.text) for __use_two_region_memory
    startup_stm32f411xe.o(RESET) refers (Special) to heapauxi.o(.text) for __use_two_region_memory
    startup_stm32f411xe.o(RESET) refers to startup_stm32f411xe.o(STACK) for __initial_sp
    startup_stm32f411xe.o(RESET) refers to startup_stm32f411xe.o(.text) for Reset_Handler
    startup_stm32f411xe.o(RESET) refers to stm32f4xx_it.o(i.NMI_Handler) for NMI_Handler
    startup_stm32f411xe.o(RESET) refers to stm32f4xx_it.o(i.HardFault_Handler) for HardFault_Handler
    startup_stm32f411xe.o(RESET) refers to stm32f4xx_it.o(i.MemManage_Handler) for MemManage_Handler
    startup_stm32f411xe.o(RESET) refers to stm32f4xx_it.o(i.BusFault_Handler) for BusFault_Handler
    startup_stm32f411xe.o(RESET) refers to stm32f4xx_it.o(i.UsageFault_Handler) for UsageFault_Handler
    startup_stm32f411xe.o(RESET) refers to port.o(.emb_text) for SVC_Handler
    startup_stm32f411xe.o(RESET) refers to stm32f4xx_it.o(i.DebugMon_Handler) for DebugMon_Handler
    startup_stm32f411xe.o(RESET) refers to cmsis_os2.o(i.SysTick_Handler) for SysTick_Handler
    startup_stm32f411xe.o(RESET) refers to stm32f4xx_it.o(i.TIM1_UP_TIM10_IRQHandler) for TIM1_UP_TIM10_IRQHandler
    startup_stm32f411xe.o(RESET) refers to stm32f4xx_it.o(i.USART1_IRQHandler) for USART1_IRQHandler
    startup_stm32f411xe.o(.text) refers (Special) to heapauxi.o(.text) for __use_two_region_memory
    startup_stm32f411xe.o(.text) refers to system_stm32f4xx.o(i.SystemInit) for SystemInit
    startup_stm32f411xe.o(.text) refers to __main.o(!!!main) for __main
    startup_stm32f411xe.o(.text) refers to startup_stm32f411xe.o(HEAP) for Heap_Mem
    startup_stm32f411xe.o(.text) refers to startup_stm32f411xe.o(STACK) for Stack_Mem
    main.o(i.HAL_TIM_PeriodElapsedCallback) refers to stm32f4xx_hal.o(i.HAL_IncTick) for HAL_IncTick
    main.o(i.SystemClock_Config) refers to rt_memclr_w.o(.text) for __aeabi_memclr4
    main.o(i.SystemClock_Config) refers to stm32f4xx_hal_rcc.o(i.HAL_RCC_OscConfig) for HAL_RCC_OscConfig
    main.o(i.SystemClock_Config) refers to stm32f4xx_hal_rcc.o(i.HAL_RCC_ClockConfig) for HAL_RCC_ClockConfig
    main.o(i.main) refers to stm32f4xx_hal.o(i.HAL_Init) for HAL_Init
    main.o(i.main) refers to main.o(i.SystemClock_Config) for SystemClock_Config
    main.o(i.main) refers to gpio.o(i.MX_GPIO_Init) for MX_GPIO_Init
    main.o(i.main) refers to usart.o(i.MX_USART1_UART_Init) for MX_USART1_UART_Init
    main.o(i.main) refers to cmsis_os2.o(i.osKernelInitialize) for osKernelInitialize
    main.o(i.main) refers to freertos.o(i.MX_FREERTOS_Init) for MX_FREERTOS_Init
    main.o(i.main) refers to cmsis_os2.o(i.osKernelStart) for osKernelStart
    freertos.o(i.MX_FREERTOS_Init) refers to cmsis_os2.o(i.osThreadNew) for osThreadNew
    freertos.o(i.MX_FREERTOS_Init) refers to freertos.o(.constdata) for .constdata
    freertos.o(i.MX_FREERTOS_Init) refers to freertos.o(i.StartDefaultTask) for StartDefaultTask
    freertos.o(i.MX_FREERTOS_Init) refers to freertos.o(.data) for .data
    freertos.o(i.MX_FREERTOS_Init) refers to uart_process.o(i.uart_rec_A_func) for uart_rec_A_func
    freertos.o(i.MX_FREERTOS_Init) refers to bsp_uart_driver.o(i.uart_driver_func) for uart_driver_func
    freertos.o(i.StartDefaultTask) refers to cmsis_os2.o(i.osDelay) for osDelay
    freertos.o(.constdata) refers to freertos.o(.conststring) for .conststring
    usart.o(i.HAL_UART_MspDeInit) refers to stm32f4xx_hal_gpio.o(i.HAL_GPIO_DeInit) for HAL_GPIO_DeInit
    usart.o(i.HAL_UART_MspDeInit) refers to stm32f4xx_hal_cortex.o(i.HAL_NVIC_DisableIRQ) for HAL_NVIC_DisableIRQ
    usart.o(i.HAL_UART_MspInit) refers to rt_memclr_w.o(.text) for __aeabi_memclr4
    usart.o(i.HAL_UART_MspInit) refers to stm32f4xx_hal_gpio.o(i.HAL_GPIO_Init) for HAL_GPIO_Init
    usart.o(i.HAL_UART_MspInit) refers to stm32f4xx_hal_cortex.o(i.HAL_NVIC_SetPriority) for HAL_NVIC_SetPriority
    usart.o(i.HAL_UART_MspInit) refers to stm32f4xx_hal_cortex.o(i.HAL_NVIC_EnableIRQ) for HAL_NVIC_EnableIRQ
    usart.o(i.MX_USART1_UART_Init) refers to stm32f4xx_hal_uart.o(i.HAL_UART_Init) for HAL_UART_Init
    usart.o(i.MX_USART1_UART_Init) refers to main.o(i.Error_Handler) for Error_Handler
    usart.o(i.MX_USART1_UART_Init) refers to usart.o(.bss) for .bss
    stm32f4xx_it.o(i.TIM1_UP_TIM10_IRQHandler) refers to stm32f4xx_hal_tim.o(i.HAL_TIM_IRQHandler) for HAL_TIM_IRQHandler
    stm32f4xx_it.o(i.TIM1_UP_TIM10_IRQHandler) refers to stm32f4xx_hal_timebase_tim.o(.bss) for htim1
    stm32f4xx_it.o(i.USART1_IRQHandler) refers to stm32f4xx_hal_uart.o(i.HAL_UART_IRQHandler) for HAL_UART_IRQHandler
[...]
    i.UART_DMAAbortOnError                   0x08001d40   Section        0  stm32f4xx_hal_uart.o(i.UART_DMAAbortOnError)
    UART_DMAAbortOnError                     0x08001d41   Thumb Code    14  stm32f4xx_hal_uart.o(i.UART_DMAAbortOnError)
    i.UART_EndRxTransfer                     0x08001d4e   Section        0  stm32f4xx_hal_uart.o(i.UART_EndRxTransfer)
    UART_EndRxTransfer                       0x08001d4f   Thumb Code    78  stm32f4xx_hal_uart.o(i.UART_EndRxTransfer)
    i.UART_Receive_IT                        0x08001d9c   Section        0  stm32f4xx_hal_uart.o(i.UART_Receive_IT)
    UART_Receive_IT                          0x08001d9d   Thumb Code   194  stm32f4xx_hal_uart.o(i.UART_Receive_IT)
    i.UART_SetConfig                         0x08001e60   Section        0  stm32f4xx_hal_uart.o(i.UART_SetConfig)
    UART_SetConfig                           0x08001e61   Thumb Code   258  stm32f4xx_hal_uart.o(i.UART_SetConfig)
    i.UART_Start_Receive_IT                  0x08001f6c   Section        0  stm32f4xx_hal_uart.o(i.UART_Start_Receive_IT)
    i.USART1_IRQHandler                      0x08001fa4   Section        0  stm32f4xx_it.o(i.USART1_IRQHandler)
    i.UsageFault_Handler                     0x08001fb0   Section        0  stm32f4xx_it.o(i.UsageFault_Handler)
    i._DoInit                                0x08001fb4   Section        0  segger_rtt.o(i._DoInit)
    _DoInit                                  0x08001fb5   Thumb Code    76  segger_rtt.o(i._DoInit)
    i._GetAvailWriteSpace                    0x0800201c   Section        0  segger_rtt.o(i._GetAvailWriteSpace)
    _GetAvailWriteSpace                      0x0800201d   Thumb Code    22  segger_rtt.o(i._GetAvailWriteSpace)
    i._PrintInt                              0x08002034   Section        0  segger_rtt_printf.o(i._PrintInt)
    _PrintInt                                0x08002035   Thumb Code   198  segger_rtt_printf.o(i._PrintInt)
    i._PrintUnsigned                         0x080020fc   Section        0  segger_rtt_printf.o(i._PrintUnsigned)
    _PrintUnsigned                           0x080020fd   Thumb Code   206  segger_rtt_printf.o(i._PrintUnsigned)
    i._StoreChar                             0x080021d0   Section        0  segger_rtt_printf.o(i._StoreChar)
    _StoreChar                               0x080021d1   Thumb Code    62  segger_rtt_printf.o(i._StoreChar)
    i._WriteBlocking                         0x0800220e   Section        0  segger_rtt.o(i._WriteBlocking)
    _WriteBlocking                           0x0800220f   Thumb Code    90  segger_rtt.o(i._WriteBlocking)
    i._WriteNoCheck                          0x08002268   Section        0  segger_rtt.o(i._WriteNoCheck)
    _WriteNoCheck                            0x08002269   Thumb Code    66  segger_rtt.o(i._WriteNoCheck)
    i.__NVIC_SetPriority                     0x080022aa   Section        0  stm32f4xx_hal_cortex.o(i.__NVIC_SetPriority)
    __NVIC_SetPriority                       0x080022ab   Thumb Code    32  stm32f4xx_hal_cortex.o(i.__NVIC_SetPriority)
    i.buffer_is_empty                        0x080022ca   Section        0  mid_circular_buffer.o(i.buffer_is_empty)
    i.buffer_is_full                         0x080022e0   Section        0  mid_circular_buffer.o(i.buffer_is_full)
    i.create_empty_circular_buffer           0x0800230c   Section        0  mid_circular_buffer.o(i.create_empty_circular_buffer)
    i.get_data                               0x08002354   Section        0  mid_circular_buffer.o(i.get_data)
    i.insert_data                            0x08002384   Section        0  mid_circular_buffer.o(i.insert_data)
    i.main                                   0x080023b2   Section        0  main.o(i.main)
    i.osDelay                                0x080023d0   Section        0  cmsis_os2.o(i.osDelay)
    i.osKernelInitialize                     0x080023ec   Section        0  cmsis_os2.o(i.osKernelInitialize)
    i.osKernelStart                          0x08002410   Section        0  cmsis_os2.o(i.osKernelStart)
    i.osThreadNew                            0x08002448   Section        0  cmsis_os2.o(i.osThreadNew)
    i.prvAddCurrentTaskToDelayedList         0x080024d4   Section        0  tasks.o(i.prvAddCurrentTaskToDelayedList)
    prvAddCurrentTaskToDelayedList           0x080024d5   Thumb Code    84  tasks.o(i.prvAddCurrentTaskToDelayedList)
    i.prvAddNewTaskToReadyList               0x08002530   Section        0  tasks.o(i.prvAddNewTaskToReadyList)
    prvAddNewTaskToReadyList                 0x08002531   Thumb Code   190  tasks.o(i.prvAddNewTaskToReadyList)
    i.prvCheckForValidListAndQueue           0x08002600   Section        0  timers.o(i.prvCheckForValidListAndQueue)
    prvCheckForValidListAndQueue             0x08002601   Thumb Code    72  timers.o(i.prvCheckForValidListAndQueue)
    i.prvCopyDataFromQueue                   0x08002658   Section        0  queue.o(i.prvCopyDataFromQueue)
    prvCopyDataFromQueue                     0x08002659   Thumb Code    38  queue.o(i.prvCopyDataFromQueue)
    i.prvCopyDataToQueue                     0x0800267e   Section        0  queue.o(i.prvCopyDataToQueue)
    prvCopyDataToQueue                       0x0800267f   Thumb Code   108  queue.o(i.prvCopyDataToQueue)
    i.prvDeleteTCB                           0x080026ea   Section        0  tasks.o(i.prvDeleteTCB)
    prvDeleteTCB                             0x080026eb   Thumb Code    52  tasks.o(i.prvDeleteTCB)
    i.prvHeapInit                            0x08002720   Section        0  heap_4.o(i.prvHeapInit)
    prvHeapInit                              0x08002721   Thumb Code    66  heap_4.o(i.prvHeapInit)
    i.prvIdleTask                            0x0800276c   Section        0  tasks.o(i.prvIdleTask)
    prvIdleTask                              0x0800276d   Thumb Code    82  tasks.o(i.prvIdleTask)
    i.prvInitialiseNewQueue                  0x080027cc   Section        0  queue.o(i.prvInitialiseNewQueue)
    prvInitialiseNewQueue                    0x080027cd   Thumb Code    34  queue.o(i.prvInitialiseNewQueue)
    i.prvInitialiseNewTask                   0x080027f0   Section        0  tasks.o(i.prvInitialiseNewTask)
    prvInitialiseNewTask                     0x080027f1   Thumb Code   176  tasks.o(i.prvInitialiseNewTask)
    i.prvInsertBlockIntoFreeList             0x080028a0   Section        0  heap_4.o(i.prvInsertBlockIntoFreeList)
    prvInsertBlockIntoFreeList               0x080028a1   Thumb Code    72  heap_4.o(i.prvInsertBlockIntoFreeList)
    i.prvInsertTimerInActiveList             0x080028ec   Section        0  timers.o(i.prvInsertTimerInActiveList)
    prvInsertTimerInActiveList               0x080028ed   Thumb Code    52  timers.o(i.prvInsertTimerInActiveList)
    i.prvIsQueueEmpty                        0x08002924   Section        0  queue.o(i.prvIsQueueEmpty)
    prvIsQueueEmpty                          0x08002925   Thumb Code    28  queue.o(i.prvIsQueueEmpty)
    i.prvProcessReceivedCommands             0x08002940   Section        0  timers.o(i.prvProcessReceivedCommands)
    prvProcessReceivedCommands               0x08002941   Thumb Code   248  timers.o(i.prvProcessReceivedCommands)
    i.prvProcessTimerOrBlockTask             0x08002a3c   Section        0  timers.o(i.prvProcessTimerOrBlockTask)
    prvProcessTimerOrBlockTask               0x08002a3d   Thumb Code   182  timers.o(i.prvProcessTimerOrBlockTask)
    i.prvResetNextTaskUnblockTime            0x08002afc   Section        0  tasks.o(i.prvResetNextTaskUnblockTime)
    prvResetNextTaskUnblockTime              0x08002afd   Thumb Code    26  tasks.o(i.prvResetNextTaskUnblockTime)
    i.prvSampleTimeNow                       0x08002b1c   Section        0  timers.o(i.prvSampleTimeNow)
    prvSampleTimeNow                         0x08002b1d   Thumb Code    36  timers.o(i.prvSampleTimeNow)
    i.prvSwitchTimerLists                    0x08002b44   Section        0  timers.o(i.prvSwitchTimerLists)
    prvSwitchTimerLists                      0x08002b45   Thumb Code   104  timers.o(i.prvSwitchTimerLists)
    i.prvTaskExitError                       0x08002bb0   Section        0  port.o(i.prvTaskExitError)
    prvTaskExitError                         0x08002bb1   Thumb Code    36  port.o(i.prvTaskExitError)
    i.prvTimerTask                           0x08002bd8   Section        0  timers.o(i.prvTimerTask)
    prvTimerTask                             0x08002bd9   Thumb Code    32  timers.o(i.prvTimerTask)
    i.prvUnlockQueue                         0x08002bfc   Section        0  queue.o(i.prvUnlockQueue)
    prvUnlockQueue                           0x08002bfd   Thumb Code   106  queue.o(i.prvUnlockQueue)
    i.pvPortMalloc                           0x08002c68   Section        0  heap_4.o(i.pvPortMalloc)
    i.pxPortInitialiseStack                  0x08002d44   Section        0  port.o(i.pxPortInitialiseStack)
    i.uart_driver_func                       0x08002d70   Section        0  bsp_uart_driver.o(i.uart_driver_func)
    i.uart_rec_A_func                        0x08002ef8   Section        0  uart_process.o(i.uart_rec_A_func)
    i.uxListRemove                           0x08002fe0   Section        0  list.o(i.uxListRemove)
    i.vApplicationGetIdleTaskMemory          0x08003008   Section        0  cmsis_os2.o(i.vApplicationGetIdleTaskMemory)
    i.vApplicationGetTimerTaskMemory         0x0800301c   Section        0  cmsis_os2.o(i.vApplicationGetTimerTaskMemory)
    i.vListInitialise                        0x08003034   Section        0  list.o(i.vListInitialise)
    i.vListInitialiseItem                    0x0800304a   Section        0  list.o(i.vListInitialiseItem)
    i.vListInsert                            0x08003050   Section        0  list.o(i.vListInsert)
    i.vListInsertEnd                         0x08003080   Section        0  list.o(i.vListInsertEnd)
    i.vPortEnterCritical                     0x08003098   Section        0  port.o(i.vPortEnterCritical)
    i.vPortExitCritical                      0x080030d8   Section        0  port.o(i.vPortExitCritical)
    i.vPortFree                              0x08003100   Section        0  heap_4.o(i.vPortFree)
    i.vPortSetupTimerInterrupt               0x08003164   Section        0  port.o(i.vPortSetupTimerInterrupt)
    i.vPortValidateInterruptPriority         0x08003188   Section        0  port.o(i.vPortValidateInterruptPriority)
    i.vQueueAddToRegistry                    0x080031dc   Section        0  queue.o(i.vQueueAddToRegistry)
    i.vQueueWaitForMessageRestricted         0x08003204   Section        0  queue.o(i.vQueueWaitForMessageRestricted)
    i.vTaskDelay                             0x08003248   Section        0  tasks.o(i.vTaskDelay)
    i.vTaskInternalSetTimeOutState           0x08003294   Section        0  tasks.o(i.vTaskInternalSetTimeOutState)
    i.vTaskMissedYield                       0x080032a4   Section        0  tasks.o(i.vTaskMissedYield)
    i.vTaskPlaceOnEventList                  0x080032b0   Section        0  tasks.o(i.vTaskPlaceOnEventList)
    i.vTaskPlaceOnEventListRestricted        0x080032e0   Section        0  tasks.o(i.vTaskPlaceOnEventListRestricted)
    i.vTaskStartScheduler                    0x08003318   Section        0  tasks.o(i.vTaskStartScheduler)
    i.vTaskSuspendAll                        0x080033a0   Section        0  tasks.o(i.vTaskSuspendAll)
    i.vTaskSwitchContext                     0x080033b0   Section        0  tasks.o(i.vTaskSwitchContext)
    i.xPortStartScheduler                    0x08003414   Section        0  port.o(i.xPortStartScheduler)
    i.xPortSysTickHandler                    0x08003508   Section        0  port.o(i.xPortSysTickHandler)
    i.xQueueGenericCreate                    0x08003534   Section        0  queue.o(i.xQueueGenericCreate)
    i.xQueueGenericCreateStatic              0x08003576   Section        0  queue.o(i.xQueueGenericCreateStatic)
    i.xQueueGenericReset                     0x080035dc   Section        0  queue.o(i.xQueueGenericReset)
    i.xQueueGenericSend                      0x08003664   Section        0  queue.o(i.xQueueGenericSend)
    i.xQueueGenericSendFromISR               0x080037c4   Section        0  queue.o(i.xQueueGenericSendFromISR)
    i.xQueueReceive                          0x08003884   Section        0  queue.o(i.xQueueReceive)
    i.xTaskCheckForTimeOut                   0x080039bc   Section        0  tasks.o(i.xTaskCheckForTimeOut)
    i.xTaskCreate                            0x08003a30   Section        0  tasks.o(i.xTaskCreate)
    i.xTaskCreateStatic                      0x08003a8a   Section        0  tasks.o(i.xTaskCreateStatic)
    i.xTaskGetSchedulerState                 0x08003ae0   Section        0  tasks.o(i.xTaskGetSchedulerState)
    i.xTaskGetTickCount                      0x08003afc   Section        0  tasks.o(i.xTaskGetTickCount)
    i.xTaskIncrementTick                     0x08003b08   Section        0  tasks.o(i.xTaskIncrementTick)
    i.xTaskPriorityDisinherit                0x08003bd0   Section        0  tasks.o(i.xTaskPriorityDisinherit)
    i.xTaskRemoveFromEventList               0x08003c50   Section        0  tasks.o(i.xTaskRemoveFromEventList)
    i.xTaskResumeAll                         0x08003cc0   Section        0  tasks.o(i.xTaskResumeAll)
    i.xTimerCreateTimerTask                  0x08003d84   Section        0  timers.o(i.xTimerCreateTimerTask)
    i.xTimerGenericCommand                   0x08003de4   Section        0  timers.o(i.xTimerGenericCommand)
    x$fpl$fpinit                             0x08003e4c   Section       10  fpinit.o(x$fpl$fpinit)
    $v0                                      0x08003e4c   Number         0  fpinit.o(x$fpl$fpinit)
    .constdata                               0x08003e58   Section      108  freertos.o(.constdata)
    .constdata                               0x08003ec4   Section       16  system_stm32f4xx.o(.constdata)
    .constdata                               0x08003ed4   Section        8  system_stm32f4xx.o(.constdata)
    .constdata                               0x08003edc   Section       16  segger_rtt_printf.o(.constdata)
    _aV2C                                    0x08003edc   Data          16  segger_rtt_printf.o(.constdata)
    .conststring                             0x08003eec   Section       49  freertos.o(.conststring)
    .data                                    0x20000000   Section       12  freertos.o(.data)
    .data                                    0x2000000c   Section       12  stm32f4xx_hal.o(.data)
    .data                                    0x20000018   Section        4  system_stm32f4xx.o(.data)
    .data                                    0x2000001c   Section       60  tasks.o(.data)
    uxDeletedTasksWaitingCleanUp             0x20000020   Data           4  tasks.o(.data)
    uxCurrentNumberOfTasks                   0x20000024   Data           4  tasks.o(.data)
    xTickCount                               0x20000028   Data           4  tasks.o(.data)
    uxTopReadyPriority                       0x2000002c   Data           4  tasks.o(.data)
    xSchedulerRunning                        0x20000030   Data           4  tasks.o(.data)
    xPendedTicks                             0x20000034   Data           4  tasks.o(.data)
    xYieldPending                            0x20000038   Data           4  tasks.o(.data)
    xNumOfOverflows                          0x2000003c   Data           4  tasks.o(.data)
    uxTaskNumber                             0x20000040   Data           4  tasks.o(.data)
    xNextTaskUnblockTime                     0x20000044   Data           4  tasks.o(.data)
    xIdleTaskHandle                          0x20000048   Data           4  tasks.o(.data)
    uxSchedulerSuspended                     0x2000004c   Data           4  tasks.o(.data)
    pxDelayedTaskList                        0x20000050   Data           4  tasks.o(.data)
    pxOverflowDelayedTaskList                0x20000054   Data           4  tasks.o(.data)
    .data                                    0x20000058   Section       20  timers.o(.data)
    xTimerQueue                              0x20000058   Data           4  timers.o(.data)
    xTimerTaskHandle                         0x2000005c   Data           4  timers.o(.data)
    xLastTime                                0x20000060   Data           4  timers.o(.data)
    pxCurrentTimerList                       0x20000064   Data           4  timers.o(.data)
    pxOverflowTimerList                      0x20000068   Data           4  timers.o(.data)
    .data                                    0x2000006c   Section        4  cmsis_os2.o(.data)
    KernelState                              0x2000006c   Data           4  cmsis_os2.o(.data)
    .data                                    0x20000070   Section       32  heap_4.o(.data)
    pxEnd                                    0x20000070   Data           4  heap_4.o(.data)
    xFreeBytesRemaining                      0x20000074   Data           4  heap_4.o(.data)
    xMinimumEverFreeBytesRemaining           0x20000078   Data           4  heap_4.o(.data)
    xNumberOfSuccessfulAllocations           0x2000007c   Data           4  heap_4.o(.data)
    xNumberOfSuccessfulFrees                 0x20000080   Data           4  heap_4.o(.data)
    xBlockAllocatedBit                       0x20000084   Data           4  heap_4.o(.data)
    xStart                                   0x20000088   Data           8  heap_4.o(.data)
    .data                                    0x20000090   Section       12  port.o(.data)
    ucMaxSysCallPriority                     0x20000090   Data           1  port.o(.data)
    uxCriticalNesting                        0x20000094   Data           4  port.o(.data)
    ulMaxPRIGROUPValue                       0x20000098   Data           4  port.o(.data)
    .data                                    0x2000009c   Section        8  uart_process.o(.data)
    receive_data                             0x200000a0   Data           4  uart_process.o(.data)
    .data                                    0x200000a4   Section        3  bsp_uart_driver.o(.data)
    .bss                                     0x200000a8   Section       72  usart.o(.bss)
    .bss                                     0x200000f0   Section       72  stm32f4xx_hal_timebase_tim.o(.bss)
    .bss                                     0x20000138   Section     1208  segger_rtt.o(.bss)
    _acUpBuffer                              0x200001e0   Data        1024  segger_rtt.o(.bss)
    _acDownBuffer                            0x200005e0   Data          16  segger_rtt.o(.bss)
    .bss                                     0x200005f0   Section       64  queue.o(.bss)
    .bss                                     0x20000630   Section     1220  tasks.o(.bss)
    pxReadyTasksLists                        0x20000630   Data        1120  tasks.o(.bss)
    xDelayedTaskList1                        0x20000a90   Data          20  tasks.o(.bss)
    xDelayedTaskList2                        0x20000aa4   Data          20  tasks.o(.bss)
    xPendingReadyList                        0x20000ab8   Data          20  tasks.o(.bss)
    xTasksWaitingTermination                 0x20000acc   Data          20  tasks.o(.bss)
    xSuspendedTaskList                       0x20000ae0   Data          20  tasks.o(.bss)
    .bss                                     0x20000af4   Section      280  timers.o(.bss)
    xStaticTimerQueue                        0x20000af4   Data          80  timers.o(.bss)
    ucStaticTimerQueueStorage                0x20000b44   Data         160  timers.o(.bss)
    xActiveTimerList1                        0x20000be4   Data          20  timers.o(.bss)
    xActiveTimerList2                        0x20000bf8   Data          20  timers.o(.bss)
    .bss                                     0x20000c0c   Section     1720  cmsis_os2.o(.bss)
    Idle_TCB                                 0x20000c0c   Data          92  cmsis_os2.o(.bss)
    Idle_Stack                               0x20000c68   Data         512  cmsis_os2.o(.bss)
    Timer_TCB                                0x20000e68   Data          92  cmsis_os2.o(.bss)
    Timer_Stack                              0x20000ec4   Data        1024  cmsis_os2.o(.bss)
    .bss                                     0x200012c4   Section    15360  heap_4.o(.bss)
    ucHeap                                   0x200012c4   Data       15360  heap_4.o(.bss)
    .bss                                     0x20004ec4   Section       96  libspace.o(.bss)
    HEAP                                     0x20004f28   Section      512  startup_stm32f411xe.o(HEAP)
    Heap_Mem                                 0x20004f28   Data         512  startup_stm32f411xe.o(HEAP)
    STACK                                    0x20005128   Section     1024  startup_stm32f411xe.o(STACK)
    Stack_Mem                                0x20005128   Data        1024  startup_stm32f411xe.o(STACK)
    __initial_sp                             0x20005528   Data           0  startup_stm32f411xe.o(STACK)

    Global Symbols

    Symbol Name                              Value     Ov Type        Size  Object(Section)

    BuildAttributes$$THM_ISAv4$E$P$D$K$B$S$7EM$VFPi3$EXTD16$VFPS$VFMA$PE$A:L22UL41UL21$X:L11$S22US41US21$IEEE1$IW$USESV6$~STKCKD$USESV7$~SHL$OTIME$ROPI$EBA8$UX$STANDARDLIB$REQ8$PRES8$EABIv2 0x00000000   Number         0  anon$$obj.o ABSOLUTE
    __ARM_use_no_argv                        0x00000000   Number         0  main.o ABSOLUTE
    __ARM_exceptions_init                     - Undefined Weak Reference
    __alloca_initialize                       - Undefined Weak Reference
    __arm_fini_                               - Undefined Weak Reference
    __arm_preinit_                            - Undefined Weak Reference
    __cpp_initialize__aeabi_                  - Undefined Weak Reference
    __cxa_finalize                            - Undefined Weak Reference
    __rt_locale                               - Undefined Weak Reference
    __sigvec_lookup                           - Undefined Weak Reference
    __user_heap_extent                        - Undefined Weak Reference
    _atexit_init                              - Undefined Weak Reference
    _call_atexit_fns                          - Undefined Weak Reference
    _clock_init                               - Undefined Weak Reference
    _fp_trap_init                             - Undefined Weak Reference
    _fp_trap_shutdown                         - Undefined Weak Reference
    _get_lc_collate                           - Undefined Weak Reference
    _get_lc_ctype                             - Undefined Weak Reference
    _get_lc_monetary                          - Undefined Weak Reference
    _get_lc_numeric                           - Undefined Weak Reference
    _get_lc_time                              - Undefined Weak Reference
    _getenv_init                              - Undefined Weak Reference
    _handle_redirection                       - Undefined Weak Reference
    _initio                                   - Undefined Weak Reference
    _mutex_acquire                            - Undefined Weak Reference
    _mutex_free                               - Undefined Weak Reference
    _mutex_release                            - Undefined Weak Reference
    _rand_init                                - Undefined Weak Reference
    _signal_finish                            - Undefined Weak Reference
    _signal_init                              - Undefined Weak Reference
    _terminateio                              - Undefined Weak Reference
    __Vectors_Size                           0x00000198   Number         0  startup_stm32f411xe.o ABSOLUTE
    __Vectors                                0x08000000   Data           4  startup_stm32f411xe.o(RESET)
    __Vectors_End                            0x08000198   Data           0  startup_stm32f411xe.o(RESET)
    __main                                   0x08000199   Thumb Code     8  __main.o(!!!main)
    __scatterload                            0x080001a1   Thumb Code     0  __scatter.o(!!!scatter)
    __scatterload_rt2                        0x080001a1   Thumb Code    44  __scatter.o(!!!scatter)
    __scatterload_rt2_thumb_only             0x080001a1   Thumb Code     0  __scatter.o(!!!scatter)
    __scatterload_null                       0x080001af   Thumb Code     0  __scatter.o(!!!scatter)
    __scatterload_copy                       0x080001d5   Thumb Code    26  __scatter_copy.o(!!handler_copy)
    __scatterload_zeroinit                   0x080001f1   Thumb Code    28  __scatter_zi.o(!!handler_zi)
    __rt_lib_init                            0x0800020d   Thumb Code     0  libinit.o(.ARM.Collect$$libinit$$00000000)
    __rt_lib_init_fp_1                       0x0800020f   Thumb Code     0  libinit2.o(.ARM.Collect$$libinit$$00000001)
    __rt_lib_init_heap_2                     0x08000213   Thumb Code     0  libinit2.o(.ARM.Collect$$libinit$$00000005)
    __rt_lib_init_preinit_1                  0x08000213   Thumb Code     0  libinit2.o(.ARM.Collect$$libinit$$00000004)
    __rt_lib_init_alloca_1                   0x0800021b   Thumb Code     0  libinit2.o(.ARM.Collect$$libinit$$0000002E)
    __rt_lib_init_argv_1                     0x0800021b   Thumb Code     0  libinit2.o(.ARM.Collect$$libinit$$0000002C)
    __rt_lib_init_atexit_1                   0x0800021b   Thumb Code     0  libinit2.o(.ARM.Collect$$libinit$$0000001B)
    __rt_lib_init_clock_1                    0x0800021b   Thumb Code     0  libinit2.o(.ARM.Collect$$libinit$$00000021)
    __rt_lib_init_cpp_1                      0x0800021b   Thumb Code     0  libinit2.o(.ARM.Collect$$libinit$$00000032)
    __rt_lib_init_exceptions_1               0x0800021b   Thumb Code     0  libinit2.o(.ARM.Collect$$libinit$$00000030)
    __rt_lib_init_fp_trap_1                  0x0800021b   Thumb Code     0  libinit2.o(.ARM.Collect$$libinit$$0000001F)
    __rt_lib_init_getenv_1                   0x0800021b   Thumb Code     0  libinit2.o(.ARM.Collect$$libinit$$00000023)
    __rt_lib_init_heap_1                     0x0800021b   Thumb Code     0  libinit2.o(.ARM.Collect$$libinit$$0000000A)
    __rt_lib_init_lc_collate_1               0x0800021b   Thumb Code     0  libinit2.o(.ARM.Collect$$libinit$$00000011)
    __rt_lib_init_lc_ctype_1                 0x0800021b   Thumb Code     0  libinit2.o(.ARM.Collect$$libinit$$00000013)
    __rt_lib_init_lc_monetary_1              0x0800021b   Thumb Code     0  libinit2.o(.ARM.Collect$$libinit$$00000015)
    __rt_lib_init_lc_numeric_1               0x0800021b   Thumb Code     0  libinit2.o(.ARM.Collect$$libinit$$00000017)
    __rt_lib_init_lc_time_1                  0x0800021b   Thumb Code     0  libinit2.o(.ARM.Collect$$libinit$$00000019)
    __rt_lib_init_rand_1                     0x0800021b   Thumb Code     0  libinit2.o(.ARM.Collect$$libinit$$0000000E)
    __rt_lib_init_return                     0x0800021b   Thumb Code     0  libinit2.o(.ARM.Collect$$libinit$$00000033)
    __rt_lib_init_signal_1                   0x0800021b   Thumb Code     0  libinit2.o(.ARM.Collect$$libinit$$0000001D)
    __rt_lib_init_stdio_1                    0x0800021b   Thumb Code     0  libinit2.o(.ARM.Collect$$libinit$$00000025)
    __rt_lib_init_user_alloc_1               0x0800021b   Thumb Code     0  libinit2.o(.ARM.Collect$$libinit$$0000000C)
    __rt_lib_shutdown                        0x0800021d   Thumb Code     0  libshutdown.o(.ARM.Collect$$libshutdown$$00000000)
    __rt_lib_shutdown_cpp_1                  0x0800021f   Thumb Code     0  libshutdown2.o(.ARM.Collect$$libshutdown$$00000004)
    __rt_lib_shutdown_fini_1                 0x0800021f   Thumb Code     0  libshutdown2.o(.ARM.Collect$$libshutdown$$00000002)
    __rt_lib_shutdown_fp_trap_1              0x0800021f   Thumb Code     0  libshutdown2.o(.ARM.Collect$$libshutdown$$00000009)
    __rt_lib_shutdown_heap_1                 0x0800021f   Thumb Code     0  libshutdown2.o(.ARM.Collect$$libshutdown$$00000011)
    __rt_lib_shutdown_return                 0x0800021f   Thumb Code     0  libshutdown2.o(.ARM.Collect$$libshutdown$$00000012)
    __rt_lib_shutdown_signal_1               0x0800021f   Thumb Code     0  libshutdown2.o(.ARM.Collect$$libshutdown$$0000000C)
    __rt_lib_shutdown_stdio_1                0x0800021f   Thumb Code     0  libshutdown2.o(.ARM.Collect$$libshutdown$$00000006)
    __rt_lib_shutdown_user_alloc_1           0x0800021f   Thumb Code     0  libshutdown2.o(.ARM.Collect$$libshutdown$$0000000E)
    __rt_entry                               0x08000221   Thumb Code     0  __rtentry.o(.ARM.Collect$$rtentry$$00000000)
    __rt_entry_presh_1                       0x08000221   Thumb Code     0  __rtentry2.o(.ARM.Collect$$rtentry$$00000002)
    __rt_entry_sh                            0x08000221   Thumb Code     0  __rtentry4.o(.ARM.Collect$$rtentry$$00000004)
    __rt_entry_li                            0x08000227   Thumb Code     0  __rtentry2.o(.ARM.Collect$$rtentry$$0000000A)
    __rt_entry_postsh_1                      0x08000227   Thumb Code     0  __rtentry2.o(.ARM.Collect$$rtentry$$00000009)
    __rt_entry_main                          0x0800022b   Thumb Code     0  __rtentry2.o(.ARM.Collect$$rtentry$$0000000D)
    __rt_entry_postli_1                      0x0800022b   Thumb Code     0  __rtentry2.o(.ARM.Collect$$rtentry$$0000000C)
    __rt_exit                                0x08000233   Thumb Code     0  rtexit.o(.ARM.Collect$$rtexit$$00000000)
    __rt_exit_ls                             0x08000235   Thumb Code     0  rtexit2.o(.ARM.Collect$$rtexit$$00000003)
    __rt_exit_prels_1                        0x08000235   Thumb Code     0  rtexit2.o(.ARM.Collect$$rtexit$$00000002)
    __rt_exit_exit                           0x08000239   Thumb Code     0  rtexit2.o(.ARM.Collect$$rtexit$$00000004)
    SVC_Handler                              0x08000241   Thumb Code    28  port.o(.emb_text)
    __asm___6_port_c_39a90d8d__prvStartFirstTask 0x08000261   Thumb Code    36  port.o(.emb_text)
    __asm___6_port_c_39a90d8d__prvEnableVFP  0x08000289   Thumb Code    16  port.o(.emb_text)
    PendSV_Handler                           0x0800029d   Thumb Code    88  port.o(.emb_text)
    vPortGetIPSR                             0x080002f9   Thumb Code     6  port.o(.emb_text)
    Reset_Handler                            0x08000301   Thumb Code     8  startup_stm32f411xe.o(.text)
    _maybe_terminate_alloc                   0x08000301   Thumb Code     0  maybetermalloc1.o(.emb_text)
    ADC_IRQHandler                           0x0800031b   Thumb Code     0  startup_stm32f411xe.o(.text)
    DMA1_Stream0_IRQHandler                  0x0800031b   Thumb Code     0  startup_stm32f411xe.o(.text)
    DMA1_Stream1_IRQHandler                  0x0800031b   Thumb Code     0  startup_stm32f411xe.o(.text)
    DMA1_Stream2_IRQHandler                  0x0800031b   Thumb Code     0  startup_stm32f411xe.o(.text)
    DMA1_Stream3_IRQHandler                  0x0800031b   Thumb Code     0  startup_stm32f411xe.o(.text)
    DMA1_Stream4_IRQHandler                  0x0800031b   Thumb Code     0  startup_stm32f411xe.o(.text)
    DMA1_Stream5_IRQHandler                  0x0800031b   Thumb Code     0  startup_stm32f411xe.o(.text)
    DMA1_Stream6_IRQHandler                  0x0800031b   Thumb Code     0  startup_stm32f411xe.o(.text)
    DMA1_Stream7_IRQHandler                  0x0800031b   Thumb Code     0  startup_stm32f411xe.o(.text)
    DMA2_Stream0_IRQHandler                  0x0800031b   Thumb Code     0  startup_stm32f411xe.o(.text)
    DMA2_Stream1_IRQHandler                  0x0800031b   Thumb Code     0  startup_stm32f411xe.o(.text)
    DMA2_Stream2_IRQHandler                  0x0800031b   Thumb Code     0  startup_stm32f411xe.o(.text)
    DMA2_Stream3_IRQHandler                  0x0800031b   Thumb Code     0  startup_stm32f411xe.o(.text)
    DMA2_Stream4_IRQHandler                  0x0800031b   Thumb Code     0  startup_stm32f411xe.o(.text)
    DMA2_Stream5_IRQHandler                  0x0800031b   Thumb Code     0  startup_stm32f411xe.o(.text)
    DMA2_Stream6_IRQHandler                  0x0800031b   Thumb Code     0  startup_stm32f411xe.o(.text)
    DMA2_Stream7_IRQHandler                  0x0800031b   Thumb Code     0  startup_stm32f411xe.o(.text)
    EXTI0_IRQHandler                         0x0800031b   Thumb Code     0  startup_stm32f411xe.o(.text)
    EXTI15_10_IRQHandler                     0x0800031b   Thumb Code     0  startup_stm32f411xe.o(.text)
    EXTI1_IRQHandler                         0x0800031b   Thumb Code     0  startup_stm32f411xe.o(.text)
    EXTI2_IRQHandler                         0x0800031b   Thumb Code     0  startup_stm32f411xe.o(.text)
    EXTI3_IRQHandler                         0x0800031b   Thumb Code     0  startup_stm32f411xe.o(.text)
    EXTI4_IRQHandler                         0x0800031b   Thumb Code     0  startup_stm32f411xe.o(.text)
    EXTI9_5_IRQHandler                       0x0800031b   Thumb Code     0  startup_stm32f411xe.o(.text)
    FLASH_IRQHandler                         0x0800031b   Thumb Code     0  startup_stm32f411xe.o(.text)
    FPU_IRQHandler                           0x0800031b   Thumb Code     0  startup_stm32f411xe.o(.text)
    I2C1_ER_IRQHandler                       0x0800031b   Thumb Code     0  startup_stm32f411xe.o(.text)
    I2C1_EV_IRQHandler                       0x0800031b   Thumb Code     0  startup_stm32f411xe.o(.text)
    I2C2_ER_IRQHandler                       0x0800031b   Thumb Code     0  startup_stm32f411xe.o(.text)
    I2C2_EV_IRQHandler                       0x0800031b   Thumb Code     0  startup_stm32f411xe.o(.text)
    I2C3_ER_IRQHandler                       0x0800031b   Thumb Code     0  startup_stm32f411xe.o(.text)
    I2C3_EV_IRQHandler                       0x0800031b   Thumb Code     0  startup_stm32f411xe.o(.text)
    OTG_FS_IRQHandler                        0x0800031b   Thumb Code     0  startup_stm32f411xe.o(.text)
    OTG_FS_WKUP_IRQHandler                   0x0800031b   Thumb Code     0  startup_stm32f411xe.o(.text)
    PVD_IRQHandler                           0x0800031b   Thumb Code     0  startup_stm32f411xe.o(.text)
    RCC_IRQHandler                           0x0800031b   Thumb Code     0  startup_stm32f411xe.o(.text)
    RTC_Alarm_IRQHandler                     0x0800031b   Thumb Code     0  startup_stm32f411xe.o(.text)
    RTC_WKUP_IRQHandler                      0x0800031b   Thumb Code     0  startup_stm32f411xe.o(.text)
    SDIO_IRQHandler                          0x0800031b   Thumb Code     0  startup_stm32f411xe.o(.text)
    SPI1_IRQHandler                          0x0800031b   Thumb Code     0  startup_stm32f411xe.o(.text)
    SPI2_IRQHandler                          0x0800031b   Thumb Code     0  startup_stm32f411xe.o(.text)
    SPI3_IRQHandler                          0x0800031b   Thumb Code     0  startup_stm32f411xe.o(.text)
    SPI4_IRQHandler                          0x0800031b   Thumb Code     0  startup_stm32f411xe.o(.text)
    SPI5_IRQHandler                          0x0800031b   Thumb Code     0  startup_stm32f411xe.o(.text)
    TAMP_STAMP_IRQHandler                    0x0800031b   Thumb Code     0  startup_stm32f411xe.o(.text)
    TIM1_BRK_TIM9_IRQHandler                 0x0800031b   Thumb Code     0  startup_stm32f411xe.o(.text)
    TIM1_CC_IRQHandler                       0x0800031b   Thumb Code     0  startup_stm32f411xe.o(.text)
    TIM1_TRG_COM_TIM11_IRQHandler            0x0800031b   Thumb Code     0  startup_stm32f411xe.o(.text)
    TIM2_IRQHandler                          0x0800031b   Thumb Code     0  startup_stm32f411xe.o(.text)
    TIM3_IRQHandler                          0x0800031b   Thumb Code     0  startup_stm32f411xe.o(.text)
    TIM4_IRQHandler                          0x0800031b   Thumb Code     0  startup_stm32f411xe.o(.text)
    TIM5_IRQHandler                          0x0800031b   Thumb Code     0  startup_stm32f411xe.o(.text)
    USART2_IRQHandler                        0x0800031b   Thumb Code     0  startup_stm32f411xe.o(.text)
    USART6_IRQHandler                        0x0800031b   Thumb Code     0  startup_stm32f411xe.o(.text)
    WWDG_IRQHandler                          0x0800031b   Thumb Code     0  startup_stm32f411xe.o(.text)
    __user_initial_stackheap                 0x0800031d   Thumb Code     0  startup_stm32f411xe.o(.text)
    malloc                                   0x08000341   Thumb Code    94  h1_alloc.o(.text)
    __aeabi_uldivmod                         0x0800039f   Thumb Code     0  lludivv7m.o(.text)
    _ll_udiv                                 0x0800039f   Thumb Code   238  lludivv7m.o(.text)
    strcpy                                   0x0800048d   Thumb Code    72  strcpy.o(.text)
    __aeabi_memcpy                           0x080004d5   Thumb Code     0  rt_memcpy_v6.o(.text)
    __rt_memcpy                              0x080004d5   Thumb Code   138  rt_memcpy_v6.o(.text)
    _memcpy_lastbytes                        0x0800053b   Thumb Code     0  rt_memcpy_v6.o(.text)
    __aeabi_memset                           0x0800055f   Thumb Code    16  aeabi_memset.o(.text)
    __aeabi_memclr4                          0x0800056f   Thumb Code     0  rt_memclr_w.o(.text)
    __aeabi_memclr8                          0x0800056f   Thumb Code     0  rt_memclr_w.o(.text)
    __rt_memclr_w                            0x0800056f   Thumb Code    78  rt_memclr_w.o(.text)
    _memset_w                                0x08000573   Thumb Code     0  rt_memclr_w.o(.text)
    __use_two_region_memory                  0x080005bd   Thumb Code     2  heapauxi.o(.text)
    __rt_heap_escrow                         0x080005bf   Thumb Code     2  heapauxi.o(.text)
    __rt_heap_expand                         0x080005c1   Thumb Code     2  heapauxi.o(.text)
    __rt_heap_descriptor                     0x080005c5   Thumb Code     8  rt_heap_descriptor_intlibspace.o(.text)
    __use_no_heap                            0x080005cd   Thumb Code     2  hguard.o(.text)
    __heap$guard                             0x080005cf   Thumb Code     2  hguard.o(.text)
    _terminate_user_alloc                    0x080005d1   Thumb Code     2  init_alloc.o(.text)
    _init_user_alloc                         0x080005d3   Thumb Code     2  init_alloc.o(.text)
    __Heap_Full                              0x080005d5   Thumb Code    34  init_alloc.o(.text)
    __Heap_Broken                            0x080005f7   Thumb Code     6  init_alloc.o(.text)
    _init_alloc                              0x080005fd   Thumb Code    94  init_alloc.o(.text)
    __Heap_Initialize                        0x0800065b   Thumb Code    10  h1_init.o(.text)
    __Heap_DescSize                          0x08000665   Thumb Code     4  h1_init.o(.text)
    free                                     0x08000669   Thumb Code    78  h1_free.o(.text)
    __aeabi_memcpy4                          0x080006b7   Thumb Code     0  rt_memcpy_w.o(.text)
    __aeabi_memcpy8                          0x080006b7   Thumb Code     0  rt_memcpy_w.o(.text)
    __rt_memcpy_w                            0x080006b7   Thumb Code   100  rt_memcpy_w.o(.text)
    _memcpy_lastbytes_aligned                0x080006ff   Thumb Code     0  rt_memcpy_w.o(.text)
    __aeabi_memclr                           0x0800071b   Thumb Code     0  rt_memclr.o(.text)
    __rt_memclr                              0x0800071b   Thumb Code    68  rt_memclr.o(.text)
    _memset                                  0x0800071f   Thumb Code     0  rt_memclr.o(.text)
    __user_libspace                          0x08000761   Thumb Code     8  libspace.o(.text)
    __user_perproc_libspace                  0x08000761   Thumb Code     0  libspace.o(.text)
    __user_perthread_libspace                0x08000761   Thumb Code     0  libspace.o(.text)
    __Heap_ProvideMemory                     0x08000769   Thumb Code    52  h1_extend.o(.text)
    __rt_SIGRTMEM                            0x0800079d   Thumb Code    14  defsig_rtmem_outer.o(.text)
    __I$use$semihosting                      0x080007ab   Thumb Code     0  use_no_semi.o(.text)
    __use_no_semihosting_swi                 0x080007ab   Thumb Code     2  use_no_semi.o(.text)
    __semihosting_library_function           0x080007ad   Thumb Code     0  indicate_semi.o(.text)
    __user_setup_stackheap                   0x080007ad   Thumb Code    74  sys_stackheap_outer.o(.text)
    exit                                     0x080007f7   Thumb Code    18  exit.o(.text)
    __sig_exit                               0x08000809   Thumb Code    10  defsig_exit.o(.text)
    __rt_SIGRTMEM_inner                      0x08000815   Thumb Code    22  defsig_rtmem_inner.o(.text)
    _sys_exit                                0x08000865   Thumb Code     8  sys_exit.o(.text)
    __default_signal_display                 0x08000871   Thumb Code    50  defsig_general.o(.text)
    _ttywrch                                 0x080008a3   Thumb Code    14  sys_wrch.o(.text)
    BusFault_Handler                         0x080008b1   Thumb Code     2  stm32f4xx_it.o(i.BusFault_Handler)
    DebugMon_Handler                         0x080008b3   Thumb Code     2  stm32f4xx_it.o(i.DebugMon_Handler)
    Error_Handler                            0x080008b5   Thumb Code     4  main.o(i.Error_Handler)
    HAL_DMA_Abort                            0x080008b9   Thumb Code   146  stm32f4xx_hal_dma.o(i.HAL_DMA_Abort)
    HAL_DMA_Abort_IT                         0x0800094b   Thumb Code    36  stm32f4xx_hal_dma.o(i.HAL_DMA_Abort_IT)
    HAL_GPIO_Init                            0x08000971   Thumb Code   446  stm32f4xx_hal_gpio.o(i.HAL_GPIO_Init)
    HAL_GetTick                              0x08000b51   Thumb Code     6  stm32f4xx_hal.o(i.HAL_GetTick)
    HAL_IncTick                              0x08000b5d   Thumb Code    12  stm32f4xx_hal.o(i.HAL_IncTick)
    HAL_Init                                 0x08000b6d   Thumb Code    48  stm32f4xx_hal.o(i.HAL_Init)
    HAL_InitTick                             0x08000ba1   Thumb Code   118  stm32f4xx_hal_timebase_tim.o(i.HAL_InitTick)
    HAL_MspInit                              0x08000c2d   Thumb Code    52  stm32f4xx_hal_msp.o(i.HAL_MspInit)
    HAL_NVIC_EnableIRQ                       0x08000c65   Thumb Code    26  stm32f4xx_hal_cortex.o(i.HAL_NVIC_EnableIRQ)
    HAL_NVIC_SetPriority                     0x08000c81   Thumb Code    60  stm32f4xx_hal_cortex.o(i.HAL_NVIC_SetPriority)
    HAL_NVIC_SetPriorityGrouping             0x08000cc1   Thumb Code    26  stm32f4xx_hal_cortex.o(i.HAL_NVIC_SetPriorityGrouping)
    HAL_RCC_ClockConfig                      0x08000ce5   Thumb Code   288  stm32f4xx_hal_rcc.o(i.HAL_RCC_ClockConfig)
    HAL_RCC_GetClockConfig                   0x08000e19   Thumb Code    54  stm32f4xx_hal_rcc.o(i.HAL_RCC_GetClockConfig)
    HAL_RCC_GetPCLK1Freq                     0x08000e59   Thumb Code    20  stm32f4xx_hal_rcc.o(i.HAL_RCC_GetPCLK1Freq)
    HAL_RCC_GetPCLK2Freq                     0x08000e79   Thumb Code    20  stm32f4xx_hal_rcc.o(i.HAL_RCC_GetPCLK2Freq)
    HAL_RCC_GetSysClockFreq                  0x08000e99   Thumb Code    88  stm32f4xx_hal_rcc.o(i.HAL_RCC_GetSysClockFreq)
    HAL_RCC_OscConfig                        0x08000efd   Thumb Code   856  stm32f4xx_hal_rcc.o(i.HAL_RCC_OscConfig)
    HAL_TIMEx_BreakCallback                  0x08001269   Thumb Code     2  stm32f4xx_hal_tim_ex.o(i.HAL_TIMEx_BreakCallback)
    HAL_TIMEx_CommutCallback                 0x0800126b   Thumb Code     2  stm32f4xx_hal_tim_ex.o(i.HAL_TIMEx_CommutCallback)
    HAL_TIM_Base_Init                        0x0800126d   Thumb Code    90  stm32f4xx_hal_tim.o(i.HAL_TIM_Base_Init)
    HAL_TIM_Base_MspInit                     0x080012c7   Thumb Code     2  stm32f4xx_hal_tim.o(i.HAL_TIM_Base_MspInit)
    HAL_TIM_Base_Start_IT                    0x080012c9   Thumb Code    88  stm32f4xx_hal_tim.o(i.HAL_TIM_Base_Start_IT)
    HAL_TIM_IC_CaptureCallback               0x08001335   Thumb Code     2  stm32f4xx_hal_tim.o(i.HAL_TIM_IC_CaptureCallback)
    HAL_TIM_IRQHandler                       0x08001337   Thumb Code   304  stm32f4xx_hal_tim.o(i.HAL_TIM_IRQHandler)
    HAL_TIM_OC_DelayElapsedCallback          0x08001467   Thumb Code     2  stm32f4xx_hal_tim.o(i.HAL_TIM_OC_DelayElapsedCallback)
    HAL_TIM_PWM_PulseFinishedCallback        0x08001469   Thumb Code     2  stm32f4xx_hal_tim.o(i.HAL_TIM_PWM_PulseFinishedCallback)
    HAL_TIM_PeriodElapsedCallback            0x0800146d   Thumb Code    14  main.o(i.HAL_TIM_PeriodElapsedCallback)
    HAL_TIM_TriggerCallback                  0x08001481   Thumb Code     2  stm32f4xx_hal_tim.o(i.HAL_TIM_TriggerCallback)
    HAL_UARTEx_RxEventCallback               0x08001483   Thumb Code     2  stm32f4xx_hal_uart.o(i.HAL_UARTEx_RxEventCallback)
    HAL_UART_ErrorCallback                   0x08001485   Thumb Code     2  stm32f4xx_hal_uart.o(i.HAL_UART_ErrorCallback)
    HAL_UART_IRQHandler                      0x08001489   Thumb Code   636  stm32f4xx_hal_uart.o(i.HAL_UART_IRQHandler)
    HAL_UART_Init                            0x08001709   Thumb Code   100  stm32f4xx_hal_uart.o(i.HAL_UART_Init)
    HAL_UART_MspInit                         0x0800176d   Thumb Code   110  usart.o(i.HAL_UART_MspInit)
    HAL_UART_Receive_IT                      0x080017e9   Thumb Code    28  stm32f4xx_hal_uart.o(i.HAL_UART_Receive_IT)
    HAL_UART_RxCpltCallback                  0x08001805   Thumb Code    94  bsp_uart_driver.o(i.HAL_UART_RxCpltCallback)
    HAL_UART_TxCpltCallback                  0x080018d1   Thumb Code     2  stm32f4xx_hal_uart.o(i.HAL_UART_TxCpltCallback)
    HardFault_Handler                        0x080018d3   Thumb Code     2  stm32f4xx_it.o(i.HardFault_Handler)
    MX_FREERTOS_Init                         0x080018d5   Thumb Code    46  freertos.o(i.MX_FREERTOS_Init)
    MX_GPIO_Init                             0x08001919   Thumb Code    54  gpio.o(i.MX_GPIO_Init)
    MX_USART1_UART_Init                      0x08001955   Thumb Code    48  usart.o(i.MX_USART1_UART_Init)
    MemManage_Handler                        0x0800198d   Thumb Code     2  stm32f4xx_it.o(i.MemManage_Handler)
    NMI_Handler                              0x0800198f   Thumb Code     2  stm32f4xx_it.o(i.NMI_Handler)
    SEGGER_RTT_Write                         0x08001991   Thumb Code    50  segger_rtt.o(i.SEGGER_RTT_Write)
    SEGGER_RTT_WriteNoLock                   0x080019c9   Thumb Code    86  segger_rtt.o(i.SEGGER_RTT_WriteNoLock)
    SEGGER_RTT_printf                        0x08001a25   Thumb Code    22  segger_rtt_printf.o(i.SEGGER_RTT_printf)
    SEGGER_RTT_vprintf                       0x08001a3b   Thumb Code   406  segger_rtt_printf.o(i.SEGGER_RTT_vprintf)
    StartDefaultTask                         0x08001bd1   Thumb Code     8  freertos.o(i.StartDefaultTask)
    SysTick_Handler                          0x08001bd9   Thumb Code    26  cmsis_os2.o(i.SysTick_Handler)
    SystemClock_Config                       0x08001bf5   Thumb Code   136  main.o(i.SystemClock_Config)
    SystemInit                               0x08001c85   Thumb Code    12  system_stm32f4xx.o(i.SystemInit)
    TIM1_UP_TIM10_IRQHandler                 0x08001c95   Thumb Code     6  stm32f4xx_it.o(i.TIM1_UP_TIM10_IRQHandler)
    TIM_Base_SetConfig                       0x08001ca1   Thumb Code   130  stm32f4xx_hal_tim.o(i.TIM_Base_SetConfig)
    UART_Start_Receive_IT                    0x08001f6d   Thumb Code    54  stm32f4xx_hal_uart.o(i.UART_Start_Receive_IT)
    USART1_IRQHandler                        0x08001fa5   Thumb Code     6  stm32f4xx_it.o(i.USART1_IRQHandler)
    UsageFault_Handler                       0x08001fb1   Thumb Code     2  stm32f4xx_it.o(i.UsageFault_Handler)
    buffer_is_empty                          0x080022cb   Thumb Code    22  mid_circular_buffer.o(i.buffer_is_empty)
    buffer_is_full                           0x080022e1   Thumb Code    42  mid_circular_buffer.o(i.buffer_is_full)
    create_empty_circular_buffer             0x0800230d   Thumb Code    34  mid_circular_buffer.o(i.create_empty_circular_buffer)
    get_data                                 0x08002355   Thumb Code    48  mid_circular_buffer.o(i.get_data)
    insert_data                              0x08002385   Thumb Code    46  mid_circular_buffer.o(i.insert_data)
    main                                     0x080023b3   Thumb Code    30  main.o(i.main)
    osDelay                                  0x080023d1   Thumb Code    26  cmsis_os2.o(i.osDelay)
    osKernelInitialize                       0x080023ed   Thumb Code    32  cmsis_os2.o(i.osKernelInitialize)
    osKernelStart                            0x08002411   Thumb Code    48  cmsis_os2.o(i.osKernelStart)
    osThreadNew                              0x08002449   Thumb Code   138  cmsis_os2.o(i.osThreadNew)
    pvPortMalloc                             0x08002c69   Thumb Code   216  heap_4.o(i.pvPortMalloc)
    pxPortInitialiseStack                    0x08002d45   Thumb Code    40  port.o(i.pxPortInitialiseStack)
    uart_driver_func                         0x08002d71   Thumb Code   172  bsp_uart_driver.o(i.uart_driver_func)
    uart_rec_A_func                          0x08002ef9   Thumb Code    92  uart_process.o(i.uart_rec_A_func)
    uxListRemove                             0x08002fe1   Thumb Code    38  list.o(i.uxListRemove)
    vApplicationGetIdleTaskMemory            0x08003009   Thumb Code    16  cmsis_os2.o(i.vApplicationGetIdleTaskMemory)
    vApplicationGetTimerTaskMemory           0x0800301d   Thumb Code    18  cmsis_os2.o(i.vApplicationGetTimerTaskMemory)
    vListInitialise                          0x08003035   Thumb Code    22  list.o(i.vListInitialise)
    vListInitialiseItem                      0x0800304b   Thumb Code     6  list.o(i.vListInitialiseItem)
    vListInsert                              0x08003051   Thumb Code    48  list.o(i.vListInsert)
    vListInsertEnd                           0x08003081   Thumb Code    24  list.o(i.vListInsertEnd)
    vPortEnterCritical                       0x08003099   Thumb Code    54  port.o(i.vPortEnterCritical)
    vPortExitCritical                        0x080030d9   Thumb Code    34  port.o(i.vPortExitCritical)
    vPortFree                                0x08003101   Thumb Code    94  heap_4.o(i.vPortFree)
    vPortSetupTimerInterrupt                 0x08003165   Thumb Code    32  port.o(i.vPortSetupTimerInterrupt)
    vPortValidateInterruptPriority           0x08003189   Thumb Code    74  port.o(i.vPortValidateInterruptPriority)
    vQueueAddToRegistry                      0x080031dd   Thumb Code    34  queue.o(i.vQueueAddToRegistry)
    vQueueWaitForMessageRestricted           0x08003205   Thumb Code    68  queue.o(i.vQueueWaitForMessageRestricted)
    vTaskDelay                               0x08003249   Thumb Code    66  tasks.o(i.vTaskDelay)
    vTaskInternalSetTimeOutState             0x08003295   Thumb Code    12  tasks.o(i.vTaskInternalSetTimeOutState)
    vTaskMissedYield                         0x080032a5   Thumb Code     8  tasks.o(i.vTaskMissedYield)
    vTaskPlaceOnEventList                    0x080032b1   Thumb Code    44  tasks.o(i.vTaskPlaceOnEventList)
    vTaskPlaceOnEventListRestricted          0x080032e1   Thumb Code    52  tasks.o(i.vTaskPlaceOnEventListRestricted)
    vTaskStartScheduler                      0x08003319   Thumb Code   118  tasks.o(i.vTaskStartScheduler)
    vTaskSuspendAll                          0x080033a1   Thumb Code    10  tasks.o(i.vTaskSuspendAll)
    vTaskSwitchContext                       0x080033b1   Thumb Code    90  tasks.o(i.vTaskSwitchContext)
    xPortStartScheduler                      0x08003415   Thumb Code   222  port.o(i.xPortStartScheduler)
    xPortSysTickHandler                      0x08003509   Thumb Code    38  port.o(i.xPortSysTickHandler)
    xQueueGenericCreate                      0x08003535   Thumb Code    66  queue.o(i.xQueueGenericCreate)
    xQueueGenericCreateStatic                0x08003577   Thumb Code   102  queue.o(i.xQueueGenericCreateStatic)
    xQueueGenericReset                       0x080035dd   Thumb Code   132  queue.o(i.xQueueGenericReset)
    xQueueGenericSend                        0x08003665   Thumb Code   346  queue.o(i.xQueueGenericSend)
    xQueueGenericSendFromISR                 0x080037c5   Thumb Code   190  queue.o(i.xQueueGenericSendFromISR)
    xQueueReceive                            0x08003885   Thumb Code   308  queue.o(i.xQueueReceive)
    xTaskCheckForTimeOut                     0x080039bd   Thumb Code   112  tasks.o(i.xTaskCheckForTimeOut)
    xTaskCreate                              0x08003a31   Thumb Code    90  tasks.o(i.xTaskCreate)
    xTaskCreateStatic                        0x08003a8b   Thumb Code    86  tasks.o(i.xTaskCreateStatic)
    xTaskGetSchedulerState                   0x08003ae1   Thumb Code    22  tasks.o(i.xTaskGetSchedulerState)
    xTaskGetTickCount                        0x08003afd   Thumb Code     6  tasks.o(i.xTaskGetTickCount)
    xTaskIncrementTick                       0x08003b09   Thumb Code   192  tasks.o(i.xTaskIncrementTick)
    xTaskPriorityDisinherit                  0x08003bd1   Thumb Code   118  tasks.o(i.xTaskPriorityDisinherit)
    xTaskRemoveFromEventList                 0x08003c51   Thumb Code    98  tasks.o(i.xTaskRemoveFromEventList)
    xTaskResumeAll                           0x08003cc1   Thumb Code   182  tasks.o(i.xTaskResumeAll)
    xTimerCreateTimerTask                    0x08003d85   Thumb Code    78  timers.o(i.xTimerCreateTimerTask)
    xTimerGenericCommand                     0x08003de5   Thumb Code    98  timers.o(i.xTimerGenericCommand)
    _fp_init                                 0x08003e4d   Thumb Code    10  fpinit.o(x$fpl$fpinit)
    __fplib_config_fpu_vfp                   0x08003e55   Thumb Code     0  fpinit.o(x$fpl$fpinit)
    __fplib_config_pureend_doubles           0x08003e55   Thumb Code     0  fpinit.o(x$fpl$fpinit)
    defaultTask_attributes                   0x08003e58   Data          36  freertos.o(.constdata)
    Task_uart_rec_A_attributes               0x08003e7c   Data          36  freertos.o(.constdata)
    Task_bsp_uart_driver_attributes          0x08003ea0   Data          36  freertos.o(.constdata)
    AHBPrescTable                            0x08003ec4   Data          16  system_stm32f4xx.o(.constdata)
    APBPrescTable                            0x08003ed4   Data           8  system_stm32f4xx.o(.constdata)
    Region$$Table$$Base                      0x08003f20   Number         0  anon$$obj.o(Region$$Table)
    Region$$Table$$Limit                     0x08003f40   Number         0  anon$$obj.o(Region$$Table)
    defaultTaskHandle                        0x20000000   Data           4  freertos.o(.data)
    processTaskHandle                        0x20000004   Data           4  freertos.o(.data)
    uartTaskHandle                           0x20000008   Data           4  freertos.o(.data)
    uwTickFreq                               0x2000000c   Data           1  stm32f4xx_hal.o(.data)
    uwTickPrio                               0x20000010   Data           4  stm32f4xx_hal.o(.data)
    uwTick                                   0x20000014   Data           4  stm32f4xx_hal.o(.data)
    SystemCoreClock                          0x20000018   Data           4  system_stm32f4xx.o(.data)
    pxCurrentTCB                             0x2000001c   Data           4  tasks.o(.data)
    queue_irq_rec_A                          0x2000009c   Data           4  uart_process.o(.data)
    flag_AB                                  0x200000a4   Data           1  bsp_uart_driver.o(.data)
    g_data_buffer_A                          0x200000a5   Data           1  bsp_uart_driver.o(.data)
    g_data_buffer_B                          0x200000a6   Data           1  bsp_uart_driver.o(.data)
    huart1                                   0x200000a8   Data          72  usart.o(.bss)
    htim1                                    0x200000f0   Data          72  stm32f4xx_hal_timebase_tim.o(.bss)
    _SEGGER_RTT                              0x20000138   Data         168  segger_rtt.o(.bss)
    xQueueRegistry                           0x200005f0   Data          64  queue.o(.bss)
    __libspace_start                         0x20004ec4   Data          96  libspace.o(.bss)
    __temporary_stack_top$libspace           0x20004f24   Data           0  libspace.o(.bss)



==============================================================================

Memory Map of the image

  Image Entry point : 0x08000199

  Load Region LR_IROM1 (Base: 0x08000000, Size: 0x00003fe8, Max: 0x00080000, ABSOLUTE)

    Execution Region ER_IROM1 (Exec base: 0x08000000, Load base: 0x08000000, Size: 0x00003f40, Max: 0x00080000, ABSOLUTE)

    Exec Addr    Load Addr    Size         Type   Attr      Idx    E Section Name        Object

    0x08000000   0x08000000   0x00000198   Data   RO            3    RESET               startup_stm32f411xe.o
    0x08000198   0x08000198   0x00000008   Code   RO         5254  * !!!main             c_w.l(__main.o)
    0x080001a0   0x080001a0   0x00000034   Code   RO         5477    !!!scatter          c_w.l(__scatter.o)
    0x080001d4   0x080001d4   0x0000001a   Code   RO         5479    !!handler_copy      c_w.l(__scatter_copy.o)
    0x080001ee   0x080001ee   0x00000002   PAD
    0x080001f0   0x080001f0   0x0000001c   Code   RO         5481    !!handler_zi        c_w.l(__scatter_zi.o)
    0x0800020c   0x0800020c   0x00000002   Code   RO         5414    .ARM.Collect$$libinit$$00000000  c_w.l(libinit.o)
    0x0800020e   0x0800020e   0x00000004   Code   RO         5300    .ARM.Collect$$libinit$$00000001  c_w.l(libinit2.o)
    0x08000212   0x08000212   0x00000000   Code   RO         5303    .ARM.Collect$$libinit$$00000004  c_w.l(libinit2.o)
    0x08000212   0x08000212   0x00000008   Code   RO         5304    .ARM.Collect$$libinit$$00000005  c_w.l(libinit2.o)
    0x0800021a   0x0800021a   0x00000000   Code   RO         5306    .ARM.Collect$$libinit$$0000000A  c_w.l(libinit2.o)
    0x0800021a   0x0800021a   0x00000000   Code   RO         5308    .ARM.Collect$$libinit$$0000000C  c_w.l(libinit2.o)
    0x0800021a   0x0800021a   0x00000000   Code   RO         5310    .ARM.Collect$$libinit$$0000000E  c_w.l(libinit2.o)
    0x0800021a   0x0800021a   0x00000000   Code   RO         5313    .ARM.Collect$$libinit$$00000011  c_w.l(libinit2.o)
    0x0800021a   0x0800021a   0x00000000   Code   RO         5315    .ARM.Collect$$libinit$$00000013  c_w.l(libinit2.o)
    0x0800021a   0x0800021a   0x00000000   Code   RO         5317    .ARM.Collect$$libinit$$00000015  c_w.l(libinit2.o)
    0x0800021a   0x0800021a   0x00000000   Code   RO         5319    .ARM.Collect$$libinit$$00000017  c_w.l(libinit2.o)
    0x0800021a   0x0800021a   0x00000000   Code   RO         5321    .ARM.Collect$$libinit$$00000019  c_w.l(libinit2.o)
    0x0800021a   0x0800021a   0x00000000   Code   RO         5323    .ARM.Collect$$libinit$$0000001B  c_w.l(libinit2.o)
    0x0800021a   0x0800021a   0x00000000   Code   RO         5325    .ARM.Collect$$libinit$$0000001D  c_w.l(libinit2.o)
    0x0800021a   0x0800021a   0x00000000   Code   RO         5327    .ARM.Collect$$libinit$$0000001F  c_w.l(libinit2.o)
    0x0800021a   0x0800021a   0x00000000   Code   RO         5329    .ARM.Collect$$libinit$$00000021  c_w.l(libinit2.o)
    0x0800021a   0x0800021a   0x00000000   Code   RO         5331    .ARM.Collect$$libinit$$00000023  c_w.l(libinit2.o)
    0x0800021a   0x0800021a   0x00000000   Code   RO         5333    .ARM.Collect$$libinit$$00000025  c_w.l(libinit2.o)
    0x0800021a   0x0800021a   0x00000000   Code   RO         5337    .ARM.Collect$$libinit$$0000002C  c_w.l(libinit2.o)
    0x0800021a   0x0800021a   0x00000000   Code   RO         5339    .ARM.Collect$$libinit$$0000002E  c_w.l(libinit2.o)
    0x0800021a   0x0800021a   0x00000000   Code   RO         5341    .ARM.Collect$$libinit$$00000030  c_w.l(libinit2.o)
    0x0800021a   0x0800021a   0x00000000   Code   RO         5343    .ARM.Collect$$libinit$$00000032  c_w.l(libinit2.o)
    0x0800021a   0x0800021a   0x00000002   Code   RO         5344    .ARM.Collect$$libinit$$00000033  c_w.l(libinit2.o)
    0x0800021c   0x0800021c   0x00000002   Code   RO         5474    .ARM.Collect$$libshutdown$$00000000  c_w.l(libshutdown.o)
    0x0800021e   0x0800021e   0x00000000   Code   RO         5430    .ARM.Collect$$libshutdown$$00000002  c_w.l(libshutdown2.o)
    0x0800021e   0x0800021e   0x00000000   Code   RO         5432    .ARM.Collect$$libshutdown$$00000004  c_w.l(libshutdown2.o)
    0x0800021e   0x0800021e   0x00000000   Code   RO         5434    .ARM.Collect$$libshutdown$$00000006  c_w.l(libshutdown2.o)
    0x0800021e   0x0800021e   0x00000000   Code   RO         5437    .ARM.Collect$$libshutdown$$00000009  c_w.l(libshutdown2.o)
    0x0800021e   0x0800021e   0x00000000   Code   RO         5440    .ARM.Collect$$libshutdown$$0000000C  c_w.l(libshutdown2.o)
    0x0800021e   0x0800021e   0x00000000   Code   RO         5442    .ARM.Collect$$libshutdown$$0000000E  c_w.l(libshutdown2.o)
    0x0800021e   0x0800021e   0x00000000   Code   RO         5445    .ARM.Collect$$libshutdown$$00000011  c_w.l(libshutdown2.o)
    0x0800021e   0x0800021e   0x00000002   Code   RO         5446    .ARM.Collect$$libshutdown$$00000012  c_w.l(libshutdown2.o)
    0x08000220   0x08000220   0x00000000   Code   RO         5258    .ARM.Collect$$rtentry$$00000000  c_w.l(__rtentry.o)
    0x08000220   0x08000220   0x00000000   Code   RO         5351    .ARM.Collect$$rtentry$$00000002  c_w.l(__rtentry2.o)
    0x08000220   0x08000220   0x00000006   Code   RO         5363    .ARM.Collect$$rtentry$$00000004  c_w.l(__rtentry4.o)
    0x08000226   0x08000226   0x00000000   Code   RO         5353    .ARM.Collect$$rtentry$$00000009  c_w.l(__rtentry2.o)
    0x08000226   0x08000226   0x00000004   Code   RO         5354    .ARM.Collect$$rtentry$$0000000A  c_w.l(__rtentry2.o)
    0x0800022a   0x0800022a   0x00000000   Code   RO         5356    .ARM.Collect$$rtentry$$0000000C  c_w.l(__rtentry2.o)
    0x0800022a   0x0800022a   0x00000008   Code   RO         5357    .ARM.Collect$$rtentry$$0000000D  c_w.l(__rtentry2.o)
    0x08000232   0x08000232   0x00000002   Code   RO         5417    .ARM.Collect$$rtexit$$00000000  c_w.l(rtexit.o)
    0x08000234   0x08000234   0x00000000   Code   RO         5450    .ARM.Collect$$rtexit$$00000002  c_w.l(rtexit2.o)
    0x08000234   0x08000234   0x00000004   Code   RO         5451    .ARM.Collect$$rtexit$$00000003  c_w.l(rtexit2.o)
    0x08000238   0x08000238   0x00000006   Code   RO         5452    .ARM.Collect$$rtexit$$00000004  c_w.l(rtexit2.o)
    0x0800023e   0x0800023e   0x00000002   PAD
    0x08000240   0x08000240   0x000000be   Code   RO         5001    .emb_text           port.o
    0x080002fe   0x080002fe   0x00000002   PAD
    0x08000300   0x08000300   0x00000000   Code   RO         5369    .emb_text           c_w.l(maybetermalloc1.o)
    0x08000300   0x08000300   0x00000040   Code   RO            4    .text               startup_stm32f411xe.o
    0x08000340   0x08000340   0x0000005e   Code   RO         5184    .text               c_w.l(h1_alloc.o)
    0x0800039e   0x0800039e   0x000000ee   Code   RO         5238    .text               c_w.l(lludivv7m.o)
    0x0800048c   0x0800048c   0x00000048   Code   RO         5240    .text               c_w.l(strcpy.o)
    0x080004d4   0x080004d4   0x0000008a   Code   RO         5244    .text               c_w.l(rt_memcpy_v6.o)
    0x0800055e   0x0800055e   0x00000010   Code   RO         5248    .text               c_w.l(aeabi_memset.o)
    0x0800056e   0x0800056e   0x0000004e   Code   RO         5250    .text               c_w.l(rt_memclr_w.o)
    0x080005bc   0x080005bc   0x00000006   Code   RO         5252    .text               c_w.l(heapauxi.o)
    0x080005c2   0x080005c2   0x00000002   PAD
    0x080005c4   0x080005c4   0x00000008   Code   RO         5266    .text               c_w.l(rt_heap_descriptor_intlibspace.o)
    0x080005cc   0x080005cc   0x00000004   Code   RO         5268    .text               c_w.l(hguard.o)
    0x080005d0   0x080005d0   0x0000008a   Code   RO         5270    .text               c_w.l(init_alloc.o)
    0x0800065a   0x0800065a   0x0000000e   Code   RO         5276    .text               c_w.l(h1_init.o)
    0x08000668   0x08000668   0x0000004e   Code   RO         5278    .text               c_w.l(h1_free.o)
    0x080006b6   0x080006b6   0x00000064   Code   RO         5294    .text               c_w.l(rt_memcpy_w.o)
    0x0800071a   0x0800071a   0x00000044   Code   RO         5296    .text               c_w.l(rt_memclr.o)
    0x0800075e   0x0800075e   0x00000002   PAD
    0x08000760   0x08000760   0x00000008   Code   RO         5347    .text               c_w.l(libspace.o)
    0x08000768   0x08000768   0x00000034   Code   RO         5371    .text               c_w.l(h1_extend.o)
    0x0800079c   0x0800079c   0x0000000e   Code   RO         5375    .text               c_w.l(defsig_rtmem_outer.o)
    0x080007aa   0x080007aa   0x00000002   Code   RO         5386    .text               c_w.l(use_no_semi.o)
    0x080007ac   0x080007ac   0x00000000   Code   RO         5388    .text               c_w.l(indicate_semi.o)
    0x080007ac   0x080007ac   0x0000004a   Code   RO         5389    .text               c_w.l(sys_stackheap_outer.o)
    0x080007f6   0x080007f6   0x00000012   Code   RO         5395    .text               c_w.l(exit.o)
    0x08000808   0x08000808   0x0000000a   Code   RO         5397    .text               c_w.l(defsig_exit.o)
    0x08000812   0x08000812   0x00000002   PAD
    0x08000814   0x08000814   0x00000050   Code   RO         5403    .text               c_w.l(defsig_rtmem_inner.o)
    0x08000864   0x08000864   0x0000000c   Code   RO         5415    .text               c_w.l(sys_exit.o)
    0x08000870   0x08000870   0x00000032   Code   RO         5425    .text               c_w.l(defsig_general.o)
    0x080008a2   0x080008a2   0x0000000e   Code   RO         5447    .text               c_w.l(sys_wrch.o)
    0x080008b0   0x080008b0   0x00000002   Code   RO          318    i.BusFault_Handler  stm32f4xx_it.o
    0x080008b2   0x080008b2   0x00000002   Code   RO          319    i.DebugMon_Handler  stm32f4xx_it.o
    0x080008b4   0x080008b4   0x00000004   Code   RO           13    i.Error_Handler     main.o
    0x080008b8   0x080008b8   0x00000092   Code   RO         1940    i.HAL_DMA_Abort     stm32f4xx_hal_dma.o
    0x0800094a   0x0800094a   0x00000024   Code   RO         1941    i.HAL_DMA_Abort_IT  stm32f4xx_hal_dma.o
    0x0800096e   0x0800096e   0x00000002   PAD
    0x08000970   0x08000970   0x000001e0   Code   RO         1833    i.HAL_GPIO_Init     stm32f4xx_hal_gpio.o
    0x08000b50   0x08000b50   0x0000000c   Code   RO         2407    i.HAL_GetTick       stm32f4xx_hal.o
    0x08000b5c   0x08000b5c   0x00000010   Code   RO         2413    i.HAL_IncTick       stm32f4xx_hal.o
    0x08000b6c   0x08000b6c   0x00000034   Code   RO         2414    i.HAL_Init          stm32f4xx_hal.o
    0x08000ba0   0x08000ba0   0x0000008c   Code   RO          412    i.HAL_InitTick      stm32f4xx_hal_timebase_tim.o
    0x08000c2c   0x08000c2c   0x00000038   Code   RO          388    i.HAL_MspInit       stm32f4xx_hal_msp.o
    0x08000c64   0x08000c64   0x0000001a   Code   RO         2249    i.HAL_NVIC_EnableIRQ  stm32f4xx_hal_cortex.o
    0x08000c7e   0x08000c7e   0x00000002   PAD
    0x08000c80   0x08000c80   0x00000040   Code   RO         2255    i.HAL_NVIC_SetPriority  stm32f4xx_hal_cortex.o
    0x08000cc0   0x08000cc0   0x00000024   Code   RO         2256    i.HAL_NVIC_SetPriorityGrouping  stm32f4xx_hal_cortex.o
    0x08000ce4   0x08000ce4   0x00000134   Code   RO         1425    i.HAL_RCC_ClockConfig  stm32f4xx_hal_rcc.o
    0x08000e18   0x08000e18   0x00000040   Code   RO         1429    i.HAL_RCC_GetClockConfig  stm32f4xx_hal_rcc.o
    0x08000e58   0x08000e58   0x00000020   Code   RO         1432    i.HAL_RCC_GetPCLK1Freq  stm32f4xx_hal_rcc.o
    0x08000e78   0x08000e78   0x00000020   Code   RO         1433    i.HAL_RCC_GetPCLK2Freq  stm32f4xx_hal_rcc.o
    0x08000e98   0x08000e98   0x00000064   Code   RO         1434    i.HAL_RCC_GetSysClockFreq  stm32f4xx_hal_rcc.o
    0x08000efc   0x08000efc   0x0000036c   Code   RO         1437    i.HAL_RCC_OscConfig  stm32f4xx_hal_rcc.o
    0x08001268   0x08001268   0x00000002   Code   RO         1157    i.HAL_TIMEx_BreakCallback  stm32f4xx_hal_tim_ex.o
    0x0800126a   0x0800126a   0x00000002   Code   RO         1158    i.HAL_TIMEx_CommutCallback  stm32f4xx_hal_tim_ex.o
    0x0800126c   0x0800126c   0x0000005a   Code   RO          453    i.HAL_TIM_Base_Init  stm32f4xx_hal_tim.o
    0x080012c6   0x080012c6   0x00000002   Code   RO          455    i.HAL_TIM_Base_MspInit  stm32f4xx_hal_tim.o
    0x080012c8   0x080012c8   0x0000006c   Code   RO          458    i.HAL_TIM_Base_Start_IT  stm32f4xx_hal_tim.o
    0x08001334   0x08001334   0x00000002   Code   RO          487    i.HAL_TIM_IC_CaptureCallback  stm32f4xx_hal_tim.o
    0x08001336   0x08001336   0x00000130   Code   RO          501    i.HAL_TIM_IRQHandler  stm32f4xx_hal_tim.o
    0x08001466   0x08001466   0x00000002   Code   RO          504    i.HAL_TIM_OC_DelayElapsedCallback  stm32f4xx_hal_tim.o
    0x08001468   0x08001468   0x00000002   Code   RO          531    i.HAL_TIM_PWM_PulseFinishedCallback  stm32f4xx_hal_tim.o
    0x0800146a   0x0800146a   0x00000002   PAD
    0x0800146c   0x0800146c   0x00000014   Code   RO           14    i.HAL_TIM_PeriodElapsedCallback  main.o
    0x08001480   0x08001480   0x00000002   Code   RO          544    i.HAL_TIM_TriggerCallback  stm32f4xx_hal_tim.o
    0x08001482   0x08001482   0x00000002   Code   RO         2664    i.HAL_UARTEx_RxEventCallback  stm32f4xx_hal_uart.o
    0x08001484   0x08001484   0x00000002   Code   RO         2678    i.HAL_UART_ErrorCallback  stm32f4xx_hal_uart.o
    0x08001486   0x08001486   0x00000002   PAD
    0x08001488   0x08001488   0x00000280   Code   RO         2681    i.HAL_UART_IRQHandler  stm32f4xx_hal_uart.o
    0x08001708   0x08001708   0x00000064   Code   RO         2682    i.HAL_UART_Init     stm32f4xx_hal_uart.o
    0x0800176c   0x0800176c   0x0000007c   Code   RO          277    i.HAL_UART_MspInit  usart.o
    0x080017e8   0x080017e8   0x0000001c   Code   RO         2687    i.HAL_UART_Receive_IT  stm32f4xx_hal_uart.o
    0x08001804   0x08001804   0x000000cc   Code   RO         5105    i.HAL_UART_RxCpltCallback  bsp_uart_driver.o
    0x080018d0   0x080018d0   0x00000002   Code   RO         2693    i.HAL_UART_TxCpltCallback  stm32f4xx_hal_uart.o
    0x080018d2   0x080018d2   0x00000002   Code   RO          320    i.HardFault_Handler  stm32f4xx_it.o
    0x080018d4   0x080018d4   0x00000044   Code   RO          233    i.MX_FREERTOS_Init  freertos.o
    0x08001918   0x08001918   0x0000003c   Code   RO          209    i.MX_GPIO_Init      gpio.o
    0x08001954   0x08001954   0x00000038   Code   RO          278    i.MX_USART1_UART_Init  usart.o
    0x0800198c   0x0800198c   0x00000002   Code   RO          321    i.MemManage_Handler  stm32f4xx_it.o
    0x0800198e   0x0800198e   0x00000002   Code   RO          322    i.NMI_Handler       stm32f4xx_it.o
    0x08001990   0x08001990   0x00000038   Code   RO         3075    i.SEGGER_RTT_Write  segger_rtt.o
    0x080019c8   0x080019c8   0x0000005c   Code   RO         3078    i.SEGGER_RTT_WriteNoLock  segger_rtt.o
    0x08001a24   0x08001a24   0x00000016   Code   RO         3288    i.SEGGER_RTT_printf  segger_rtt_printf.o
    0x08001a3a   0x08001a3a   0x00000196   Code   RO         3289    i.SEGGER_RTT_vprintf  segger_rtt_printf.o
    0x08001bd0   0x08001bd0   0x00000008   Code   RO          234    i.StartDefaultTask  freertos.o
    0x08001bd8   0x08001bd8   0x0000001a   Code   RO         4433    i.SysTick_Handler   cmsis_os2.o
    0x08001bf2   0x08001bf2   0x00000002   PAD
    0x08001bf4   0x08001bf4   0x00000090   Code   RO           15    i.SystemClock_Config  main.o
    0x08001c84   0x08001c84   0x00000010   Code   RO         3016    i.SystemInit        system_stm32f4xx.o
    0x08001c94   0x08001c94   0x0000000c   Code   RO          323    i.TIM1_UP_TIM10_IRQHandler  stm32f4xx_it.o
    0x08001ca0   0x08001ca0   0x000000a0   Code   RO          546    i.TIM_Base_SetConfig  stm32f4xx_hal_tim.o
    0x08001d40   0x08001d40   0x0000000e   Code   RO         2695    i.UART_DMAAbortOnError  stm32f4xx_hal_uart.o
    0x08001d4e   0x08001d4e   0x0000004e   Code   RO         2705    i.UART_EndRxTransfer  stm32f4xx_hal_uart.o
    0x08001d9c   0x08001d9c   0x000000c2   Code   RO         2707    i.UART_Receive_IT   stm32f4xx_hal_uart.o
    0x08001e5e   0x08001e5e   0x00000002   PAD
    0x08001e60   0x08001e60   0x0000010c   Code   RO         2708    i.UART_SetConfig    stm32f4xx_hal_uart.o
    0x08001f6c   0x08001f6c   0x00000036   Code   RO         2710    i.UART_Start_Receive_IT  stm32f4xx_hal_uart.o
    0x08001fa2   0x08001fa2   0x00000002   PAD
    0x08001fa4   0x08001fa4   0x0000000c   Code   RO          324    i.USART1_IRQHandler  stm32f4xx_it.o
    0x08001fb0   0x08001fb0   0x00000002   Code   RO          325    i.UsageFault_Handler  stm32f4xx_it.o
    0x08001fb2   0x08001fb2   0x00000002   PAD
    0x08001fb4   0x08001fb4   0x00000068   Code   RO         3082    i._DoInit           segger_rtt.o
    0x0800201c   0x0800201c   0x00000016   Code   RO         3083    i._GetAvailWriteSpace  segger_rtt.o
    0x08002032   0x08002032   0x00000002   PAD
    0x08002034   0x08002034   0x000000c6   Code   RO         3290    i._PrintInt         segger_rtt_printf.o
    0x080020fa   0x080020fa   0x00000002   PAD
    0x080020fc   0x080020fc   0x000000d4   Code   RO         3291    i._PrintUnsigned    segger_rtt_printf.o
    0x080021d0   0x080021d0   0x0000003e   Code   RO         3292    i._StoreChar        segger_rtt_printf.o
    0x0800220e   0x0800220e   0x0000005a   Code   RO         3085    i._WriteBlocking    segger_rtt.o
    0x08002268   0x08002268   0x00000042   Code   RO         3086    i._WriteNoCheck     segger_rtt.o
    0x080022aa   0x080022aa   0x00000020   Code   RO         2262    i.__NVIC_SetPriority  stm32f4xx_hal_cortex.o
    0x080022ca   0x080022ca   0x00000016   Code   RO         5142    i.buffer_is_empty   mid_circular_buffer.o
    0x080022e0   0x080022e0   0x0000002a   Code   RO         5143    i.buffer_is_full    mid_circular_buffer.o
    0x0800230a   0x0800230a   0x00000002   PAD
    0x0800230c   0x0800230c   0x00000048   Code   RO         5144    i.create_empty_circular_buffer  mid_circular_buffer.o
    0x08002354   0x08002354   0x00000030   Code   RO         5145    i.get_data          mid_circular_buffer.o
    0x08002384   0x08002384   0x0000002e   Code   RO         5146    i.insert_data       mid_circular_buffer.o
    0x080023b2   0x080023b2   0x0000001e   Code   RO           16    i.main              main.o
    0x080023d0   0x080023d0   0x0000001a   Code   RO         4435    i.osDelay           cmsis_os2.o
    0x080023ea   0x080023ea   0x00000002   PAD
    0x080023ec   0x080023ec   0x00000024   Code   RO         4449    i.osKernelInitialize  cmsis_os2.o
    0x08002410   0x08002410   0x00000038   Code   RO         4452    i.osKernelStart     cmsis_os2.o
    0x08002448   0x08002448   0x0000008a   Code   RO         4494    i.osThreadNew       cmsis_os2.o
    0x080024d2   0x080024d2   0x00000002   PAD
    0x080024d4   0x080024d4   0x0000005c   Code   RO         3894    i.prvAddCurrentTaskToDelayedList  tasks.o
    0x08002530   0x08002530   0x000000d0   Code   RO         3895    i.prvAddNewTaskToReadyList  tasks.o
    0x08002600   0x08002600   0x00000058   Code   RO         4259    i.prvCheckForValidListAndQueue  timers.o
    0x08002658   0x08002658   0x00000026   Code   RO         3494    i.prvCopyDataFromQueue  queue.o
    0x0800267e   0x0800267e   0x0000006c   Code   RO         3495    i.prvCopyDataToQueue  queue.o
    0x080026ea   0x080026ea   0x00000034   Code   RO         3896    i.prvDeleteTCB      tasks.o
    0x0800271e   0x0800271e   0x00000002   PAD
    0x08002720   0x08002720   0x0000004c   Code   RO         4946    i.prvHeapInit       heap_4.o
    0x0800276c   0x0800276c   0x00000060   Code   RO         3897    i.prvIdleTask       tasks.o
    0x080027cc   0x080027cc   0x00000022   Code   RO         3497    i.prvInitialiseNewQueue  queue.o
    0x080027ee   0x080027ee   0x00000002   PAD
    0x080027f0   0x080027f0   0x000000b0   Code   RO         3898    i.prvInitialiseNewTask  tasks.o
    0x080028a0   0x080028a0   0x0000004c   Code   RO         4947    i.prvInsertBlockIntoFreeList  heap_4.o
    0x080028ec   0x080028ec   0x00000038   Code   RO         4261    i.prvInsertTimerInActiveList  timers.o
    0x08002924   0x08002924   0x0000001c   Code   RO         3498    i.prvIsQueueEmpty   queue.o
    0x08002940   0x08002940   0x000000fc   Code   RO         4262    i.prvProcessReceivedCommands  timers.o
    0x08002a3c   0x08002a3c   0x000000c0   Code   RO         4263    i.prvProcessTimerOrBlockTask  timers.o
    0x08002afc   0x08002afc   0x00000020   Code   RO         3900    i.prvResetNextTaskUnblockTime  tasks.o
    0x08002b1c   0x08002b1c   0x00000028   Code   RO         4264    i.prvSampleTimeNow  timers.o
    0x08002b44   0x08002b44   0x0000006c   Code   RO         4265    i.prvSwitchTimerLists  timers.o
    0x08002bb0   0x08002bb0   0x00000028   Code   RO         5002    i.prvTaskExitError  port.o
    0x08002bd8   0x08002bd8   0x00000024   Code   RO         4266    i.prvTimerTask      timers.o
    0x08002bfc   0x08002bfc   0x0000006a   Code   RO         3499    i.prvUnlockQueue    queue.o
    0x08002c66   0x08002c66   0x00000002   PAD
    0x08002c68   0x08002c68   0x000000dc   Code   RO         4948    i.pvPortMalloc      heap_4.o
    0x08002d44   0x08002d44   0x0000002c   Code   RO         5003    i.pxPortInitialiseStack  port.o
    0x08002d70   0x08002d70   0x00000188   Code   RO         5106    i.uart_driver_func  bsp_uart_driver.o
    0x08002ef8   0x08002ef8   0x000000e8   Code   RO         5078    i.uart_rec_A_func   uart_process.o
    0x08002fe0   0x08002fe0   0x00000026   Code   RO         3454    i.uxListRemove      list.o
    0x08003006   0x08003006   0x00000002   PAD
    0x08003008   0x08003008   0x00000014   Code   RO         4506    i.vApplicationGetIdleTaskMemory  cmsis_os2.o
    0x0800301c   0x0800301c   0x00000018   Code   RO         4507    i.vApplicationGetTimerTaskMemory  cmsis_os2.o
    0x08003034   0x08003034   0x00000016   Code   RO         3455    i.vListInitialise   list.o
    0x0800304a   0x0800304a   0x00000006   Code   RO         3456    i.vListInitialiseItem  list.o
    0x08003050   0x08003050   0x00000030   Code   RO         3457    i.vListInsert       list.o
    0x08003080   0x08003080   0x00000018   Code   RO         3458    i.vListInsertEnd    list.o
    0x08003098   0x08003098   0x00000040   Code   RO         5005    i.vPortEnterCritical  port.o
    0x080030d8   0x080030d8   0x00000028   Code   RO         5006    i.vPortExitCritical  port.o
    0x08003100   0x08003100   0x00000064   Code   RO         4949    i.vPortFree         heap_4.o
    0x08003164   0x08003164   0x00000024   Code   RO         5007    i.vPortSetupTimerInterrupt  port.o
    0x08003188   0x08003188   0x00000054   Code   RO         5008    i.vPortValidateInterruptPriority  port.o
    0x080031dc   0x080031dc   0x00000028   Code   RO         3505    i.vQueueAddToRegistry  queue.o
    0x08003204   0x08003204   0x00000044   Code   RO         3509    i.vQueueWaitForMessageRestricted  queue.o
    0x08003248   0x08003248   0x0000004c   Code   RO         3913    i.vTaskDelay        tasks.o
    0x08003294   0x08003294   0x00000010   Code   RO         3918    i.vTaskInternalSetTimeOutState  tasks.o
    0x080032a4   0x080032a4   0x0000000c   Code   RO         3919    i.vTaskMissedYield  tasks.o
    0x080032b0   0x080032b0   0x00000030   Code   RO         3921    i.vTaskPlaceOnEventList  tasks.o
    0x080032e0   0x080032e0   0x00000038   Code   RO         3922    i.vTaskPlaceOnEventListRestricted  tasks.o
    0x08003318   0x08003318   0x00000088   Code   RO         3930    i.vTaskStartScheduler  tasks.o
    0x080033a0   0x080033a0   0x00000010   Code   RO         3932    i.vTaskSuspendAll   tasks.o
    0x080033b0   0x080033b0   0x00000064   Code   RO         3933    i.vTaskSwitchContext  tasks.o
    0x08003414   0x08003414   0x000000f4   Code   RO         5009    i.xPortStartScheduler  port.o
    0x08003508   0x08003508   0x0000002c   Code   RO         5010    i.xPortSysTickHandler  port.o
    0x08003534   0x08003534   0x00000042   Code   RO         3514    i.xQueueGenericCreate  queue.o
    0x08003576   0x08003576   0x00000066   Code   RO         3515    i.xQueueGenericCreateStatic  queue.o
    0x080035dc   0x080035dc   0x00000088   Code   RO         3516    i.xQueueGenericReset  queue.o
    0x08003664   0x08003664   0x00000160   Code   RO         3517    i.xQueueGenericSend  queue.o
    0x080037c4   0x080037c4   0x000000be   Code   RO         3518    i.xQueueGenericSendFromISR  queue.o
    0x08003882   0x08003882   0x00000002   PAD
    0x08003884   0x08003884   0x00000138   Code   RO         3527    i.xQueueReceive     queue.o
    0x080039bc   0x080039bc   0x00000074   Code   RO         3935    i.xTaskCheckForTimeOut  tasks.o
    0x08003a30   0x08003a30   0x0000005a   Code   RO         3936    i.xTaskCreate       tasks.o
    0x08003a8a   0x08003a8a   0x00000056   Code   RO         3937    i.xTaskCreateStatic  tasks.o
    0x08003ae0   0x08003ae0   0x0000001c   Code   RO         3941    i.xTaskGetSchedulerState  tasks.o
    0x08003afc   0x08003afc   0x0000000c   Code   RO         3942    i.xTaskGetTickCount  tasks.o
    0x08003b08   0x08003b08   0x000000c8   Code   RO         3944    i.xTaskIncrementTick  tasks.o
    0x08003bd0   0x08003bd0   0x00000080   Code   RO         3947    i.xTaskPriorityDisinherit  tasks.o
    0x08003c50   0x08003c50   0x00000070   Code   RO         3949    i.xTaskRemoveFromEventList  tasks.o
    0x08003cc0   0x08003cc0   0x000000c4   Code   RO         3950    i.xTaskResumeAll    tasks.o
    0x08003d84   0x08003d84   0x00000060   Code   RO         4275    i.xTimerCreateTimerTask  timers.o
    0x08003de4   0x08003de4   0x00000068   Code   RO         4276    i.xTimerGenericCommand  timers.o
    0x08003e4c   0x08003e4c   0x0000000a   Code   RO         5384    x$fpl$fpinit        fz_wm.l(fpinit.o)
    0x08003e56   0x08003e56   0x00000002   PAD
    0x08003e58   0x08003e58   0x0000006c   Data   RO          235    .constdata          freertos.o
    0x08003ec4   0x08003ec4   0x00000010   Data   RO         3017    .constdata          system_stm32f4xx.o
    0x08003ed4   0x08003ed4   0x00000008   Data   RO         3018    .constdata          system_stm32f4xx.o
    0x08003edc   0x08003edc   0x00000010   Data   RO         3293    .constdata          segger_rtt_printf.o
    0x08003eec   0x08003eec   0x00000031   Data   RO          236    .conststring        freertos.o
    0x08003f1d   0x08003f1d   0x00000003   PAD
    0x08003f20   0x08003f20   0x00000020   Data   RO         5475    Region$$Table       anon$$obj.o


    Execution Region RW_IRAM1 (Exec base: 0x20000000, Load base: 0x08003f40, Size: 0x00005528, Max: 0x00020000, ABSOLUTE)

    Exec Addr    Load Addr    Size         Type   Attr      Idx    E Section Name        Object

    0x20000000   0x08003f40   0x0000000c   Data   RW          237    .data               freertos.o
    0x2000000c   0x08003f4c   0x0000000c   Data   RW         2421    .data               stm32f4xx_hal.o
    0x20000018   0x08003f58   0x00000004   Data   RW         3019    .data               system_stm32f4xx.o
    0x2000001c   0x08003f5c   0x0000003c   Data   RW         3953    .data               tasks.o
    0x20000058   0x08003f98   0x00000014   Data   RW         4284    .data               timers.o
    0x2000006c   0x08003fac   0x00000004   Data   RW         4509    .data               cmsis_os2.o
    0x20000070   0x08003fb0   0x00000020   Data   RW         4955    .data               heap_4.o
    0x20000090   0x08003fd0   0x0000000c   Data   RW         5011    .data               port.o
    0x2000009c   0x08003fdc   0x00000008   Data   RW         5081    .data               uart_process.o
    0x200000a4   0x08003fe4   0x00000003   Data   RW         5107    .data               bsp_uart_driver.o
    0x200000a7   0x08003fe7   0x00000001   PAD
    0x200000a8        -       0x00000048   Zero   RW          279    .bss                usart.o
    0x200000f0        -       0x00000048   Zero   RW          415    .bss                stm32f4xx_hal_timebase_tim.o
    0x20000138        -       0x000004b8   Zero   RW         3087    .bss                segger_rtt.o
    0x200005f0        -       0x00000040   Zero   RW         3531    .bss                queue.o
    0x20000630        -       0x000004c4   Zero   RW         3952    .bss                tasks.o
    0x20000af4        -       0x00000118   Zero   RW         4283    .bss                timers.o
    0x20000c0c        -       0x000006b8   Zero   RW         4508    .bss                cmsis_os2.o
    0x200012c4        -       0x00003c00   Zero   RW         4954    .bss                heap_4.o
    0x20004ec4        -       0x00000060   Zero   RW         5348    .bss                c_w.l(libspace.o)
    0x20004f24   0x08003fe7   0x00000004   PAD
    0x20004f28        -       0x00000200   Zero   RW            2    HEAP                startup_stm32f411xe.o
    0x20005128        -       0x00000400   Zero   RW            1    STACK               startup_stm32f411xe.o


==============================================================================

Image component sizes


      Code (inc. data)   RO Data    RW Data    ZI Data      Debug   Object Name

       596        330          0          3          0       3009   bsp_uart_driver.o
       326         22          0          4       1720      65535   cmsis_os2.o
         0          0          0          0          0      18096   event_groups.o
        76         22        157         12          0       2053   freertos.o
        60          6          0          0          0        883   gpio.o
       472         24          0         32      15360       5007   heap_4.o
       138          0          0          0          0       3686   list.o
       198         14          0          0          0     434200   main.o
       230         38          0          0          0       4189   mid_circular_buffer.o
       786         82          0         12          0      11797   port.o
      1580         20          0          0         64      18810   queue.o
       430         40          0          0       1208      11494   segger_rtt.o
       900          6         16          0          0       5913   segger_rtt_printf.o
        64         26        408          0       1536        868   startup_stm32f411xe.o
        80         14          0         12          0       8086   stm32f4xx_hal.o
       158         14          0          0          0      33154   stm32f4xx_hal_cortex.o
       182          0          0          0          0       2171   stm32f4xx_hal_dma.o
       480         34          0          0          0       1556   stm32f4xx_hal_gpio.o
        56          4          0          0          0        914   stm32f4xx_hal_msp.o
      1412         86          0          0          0       6085   stm32f4xx_hal_rcc.o
       672         50          0          0          0       7704   stm32f4xx_hal_tim.o
         4          0          0          0          0       1701   stm32f4xx_hal_tim_ex.o
       140         22          0          0         72       1495   stm32f4xx_hal_timebase_tim.o
      1382         14          0          0          0       9548   stm32f4xx_hal_uart.o
        36         12          0          0          0       3932   stm32f4xx_it.o
         0          0          0          0          0        384   stream_buffer.o
        16          4         24          4          0       1199   system_stm32f4xx.o
      2084        168          0         60       1220      27520   tasks.o
       972         80          0         20        280      32523   timers.o
       232        140          0          8          0       1264   uart_process.o
       180         22          0          0         72       1810   usart.o

    ----------------------------------------------------------------------
     13980       1294        640        168      21532     726586   Object Totals
         0          0         32          0          0          0   (incl. Generated)
        38          0          3          1          0          0   (incl. Padding)

    ----------------------------------------------------------------------

      Code (inc. data)   RO Data    RW Data    ZI Data      Debug   Library Member Name

         8          0          0          0          0         68   __main.o
         0          0          0          0          0          0   __rtentry.o
        12          0          0          0          0          0   __rtentry2.o
         6          0          0          0          0          0   __rtentry4.o
        52          8          0          0          0          0   __scatter.o
        26          0          0          0          0          0   __scatter_copy.o
        28          0          0          0          0          0   __scatter_zi.o
        16          0          0          0          0         68   aeabi_memset.o
        10          0          0          0          0         68   defsig_exit.o
        50          0          0          0          0         88   defsig_general.o
        80         58          0          0          0         76   defsig_rtmem_inner.o
        14          0          0          0          0         80   defsig_rtmem_outer.o
        18          0          0          0          0         80   exit.o
        94          0          0          0          0         80   h1_alloc.o
        52          0          0          0          0         68   h1_extend.o
        78          0          0          0          0         80   h1_free.o
        14          0          0          0          0         84   h1_init.o
         6          0          0          0          0        152   heapauxi.o
         4          0          0          0          0        136   hguard.o
         0          0          0          0          0          0   indicate_semi.o
       138          0          0          0          0        168   init_alloc.o
         2          0          0          0          0          0   libinit.o
        14          0          0          0          0          0   libinit2.o
         2          0          0          0          0          0   libshutdown.o
         2          0          0          0          0          0   libshutdown2.o
         8          4          0          0         96         68   libspace.o
       238          0          0          0          0        100   lludivv7m.o
         0          0          0          0          0          0   maybetermalloc1.o
         8          4          0          0          0         68   rt_heap_descriptor_intlibspace.o
        68          0          0          0          0         68   rt_memclr.o
        78          0          0          0          0         80   rt_memclr_w.o
       138          0          0          0          0         68   rt_memcpy_v6.o
       100          0          0          0          0         80   rt_memcpy_w.o
         2          0          0          0          0          0   rtexit.o
        10          0          0          0          0          0   rtexit2.o
        72          0          0          0          0         80   strcpy.o
        12          4          0          0          0         68   sys_exit.o
        74          0          0          0          0         80   sys_stackheap_outer.o
        14          0          0          0          0         76   sys_wrch.o
         2          0          0          0          0         68   use_no_semi.o
        10          0          0          0          0        116   fpinit.o

    ----------------------------------------------------------------------
      1572         78          0          0        100       2316   Library Totals
        12          0          0          0          4          0   (incl. Padding)

    ----------------------------------------------------------------------

      Code (inc. data)   RO Data    RW Data    ZI Data      Debug   Library Name

      1550         78          0          0         96       2200   c_w.l
        10          0          0          0          0        116   fz_wm.l

    ----------------------------------------------------------------------
      1572         78          0          0        100       2316   Library Totals

    ----------------------------------------------------------------------

==============================================================================


      Code (inc. data)   RO Data    RW Data    ZI Data      Debug   

     15552       1372        640        168      21632     713806   Grand Totals
     15552       1372        640        168      21632     713806   ELF Image Totals
     15552       1372        640        168          0          0   ROM Totals

==============================================================================

    Total RO  Size (Code + RO Data)                16192 (  15.81kB)
    Total RW  Size (RW Data + ZI Data)             21800 (  21.29kB)
    Total ROM Size (Code + RO Data + RW Data)      16360 (  15.98kB)

==============================================================================

