<html>
<body>
<pre>
<h1>µVision Build Log</h1>
<h2>Tool Versions:</h2>
IDE-Version: ¦ÌVision V5.36.0.0
Copyright (C) 2021 ARM Ltd and ARM Germany GmbH. All rights reserved.
License Information: 1 ZZ, 1, LIC=8VRJ7-E2HWX-Y81FK-ZEU7L-HQE6V-6Y01J
 
Tool Versions:
Toolchain:       MDK-ARM Plus  Version: 5.36.0.0
Toolchain Path:  D:\Keil5\ARM\ARMCC\Bin
C Compiler:      Armcc.exe V5.06 update 7 (build 960)
Assembler:       Armasm.exe V5.06 update 7 (build 960)
Linker/Locator:  ArmLink.exe V5.06 update 7 (build 960)
Library Manager: ArmAr.exe V5.06 update 7 (build 960)
Hex Converter:   FromElf.exe V5.06 update 7 (build 960)
CPU DLL:         SARMCM3.DLL V5.36.0.0
Dialog DLL:      DCM.DLL V1.17.3.0
Target DLL:      Segger\JL2CM3.dll V2.99.40.0
Dialog DLL:      TCM.DLL V1.53.0.0
 
<h2>Project:</h2>
C:\Users\Admin1\Desktop\KeilProject32\Learn_Code\06_uart_dma\MDK-ARM\06_uart_dma.uvprojx
Project File Date:  09/16/2026

<h2>Output:</h2>
*** Using Compiler 'V5.06 update 7 (build 960)', folder: 'D:\Keil5\ARM\ARMCC\Bin'
Rebuild target '06_uart_dma'
assembling startup_stm32f411xe.s...
compiling usart.c...
compiling stm32f4xx_it.c...
compiling stm32f4xx_hal_timebase_tim.c...
compiling stm32f4xx_hal_msp.c...
compiling gpio.c...
compiling freertos.c...
compiling main.c...
compiling stm32f4xx_hal_flash_ramfunc.c...
compiling stm32f4xx_hal_rcc_ex.c...
compiling stm32f4xx_hal_flash_ex.c...
compiling stm32f4xx_hal_flash.c...
compiling stm32f4xx_hal_rcc.c...
compiling stm32f4xx_hal_tim_ex.c...
compiling stm32f4xx_hal_tim.c...
compiling stm32f4xx_hal_gpio.c...
compiling stm32f4xx_hal_pwr.c...
compiling stm32f4xx_hal_pwr_ex.c...
compiling stm32f4xx_hal_dma.c...
compiling stm32f4xx_hal_dma_ex.c...
compiling stm32f4xx_hal_cortex.c...
compiling croutine.c...
compiling SEGGER_RTT_printf.c...
compiling SEGGER_RTT.c...
compiling stm32f4xx_hal.c...
compiling event_groups.c...
compiling list.c...
compiling stream_buffer.c...
compiling queue.c...
compiling timers.c...
compiling heap_4.c...
compiling tasks.c...
compiling stm32f4xx_hal_exti.c...
compiling port.c...
compiling system_stm32f4xx.c...
compiling mid_circular_buffer.c...
compiling elog_port.c...
..\easylogger\port\elog_port.c(93): warning:  #940-D: missing return statement at end of non-void function "elog_port_get_time" 
  }
..\easylogger\port\elog_port.c(104): warning:  #940-D: missing return statement at end of non-void function "elog_port_get_p_info" 
  }
..\easylogger\port\elog_port.c(115): warning:  #940-D: missing return statement at end of non-void function "elog_port_get_t_info" 
  }
..\easylogger\port\elog_port.c: 3 warnings, 0 errors
compiling elog_async.c...
compiling stm32f4xx_hal_uart.c...
compiling elog.c...
compiling elog_buf.c...
compiling elog_utils.c...
compiling uart_process.c...
compiling bsp_uart_driver.c...
..\BSP\USART_1\bsp_uart_driver.c(147): warning:  #550-D: variable "ret"  was set but never used
  	uint8_t ret = 0;
..\BSP\USART_1\bsp_uart_driver.c: 1 warning, 0 errors
compiling cmsis_os2.c...
linking...
Program Size: Code=20780 RO-data=1044 RW-data=248 ZI-data=22824  
FromELF: creating hex file...
"06_uart_dma\06_uart_dma.axf" - 0 Error(s), 4 Warning(s).

<h2>Software Packages used:</h2>

Package Vendor: ARM
                http://www.keil.com/pack/ARM.CMSIS.5.8.0.pack
                ARM.CMSIS.5.8.0
                CMSIS (Common Microcontroller Software Interface Standard)
   * Component: CORE Version: 5.5.0

Package Vendor: Keil
                https://www.keil.com/pack/Keil.STM32F4xx_DFP.2.17.1.pack
                Keil.STM32F4xx_DFP.2.17.1
                STMicroelectronics STM32F4 Series Device Support, Drivers and Examples

<h2>Collection of Component include folders:</h2>
  .\RTE\_06_uart_dma
  D:\Keil5\ARM\CMSIS\5.8.0\CMSIS\Core\Include
  D:\Keil5\Keil\STM32F4xx_DFP\2.17.1\Drivers\CMSIS\Device\ST\STM32F4xx\Include

<h2>Collection of Component Files used:</h2>

   * Component: ARM::CMSIS:CORE:5.5.0
      Include file:  CMSIS\Core\Include\tz_context.h
Build Time Elapsed:  00:00:11
</pre>
</body>
</html>
